Archive member included because of file (symbol)

c:/altera/13.0/nios2eds/bin/gnu/h-i686-mingw32/bin/../lib/gcc/nios2-elf/4.1.2/../../../../nios2-elf/lib\libc.a(lib_a-printf.o)
                              obj/default/hello_world.o (printf)
c:/altera/13.0/nios2eds/bin/gnu/h-i686-mingw32/bin/../lib/gcc/nios2-elf/4.1.2/../../../../nios2-elf/lib\libc.a(lib_a-puts.o)
                              obj/default/hello_world.o (puts)
c:/altera/13.0/nios2eds/bin/gnu/h-i686-mingw32/bin/../lib/gcc/nios2-elf/4.1.2/../../../../nios2-elf/lib\libc.a(lib_a-strlen.o)
                              c:/altera/13.0/nios2eds/bin/gnu/h-i686-mingw32/bin/../lib/gcc/nios2-elf/4.1.2/../../../../nios2-elf/lib\libc.a(lib_a-puts.o) (strlen)
c:/altera/13.0/nios2eds/bin/gnu/h-i686-mingw32/bin/../lib/gcc/nios2-elf/4.1.2/../../../../nios2-elf/lib\libc.a(lib_a-vfprintf.o)
                              c:/altera/13.0/nios2eds/bin/gnu/h-i686-mingw32/bin/../lib/gcc/nios2-elf/4.1.2/../../../../nios2-elf/lib\libc.a(lib_a-printf.o) (___vfprintf_internal_r)
c:/altera/13.0/nios2eds/bin/gnu/h-i686-mingw32/bin/../lib/gcc/nios2-elf/4.1.2/../../../../nios2-elf/lib\libc.a(lib_a-wsetup.o)
                              c:/altera/13.0/nios2eds/bin/gnu/h-i686-mingw32/bin/../lib/gcc/nios2-elf/4.1.2/../../../../nios2-elf/lib\libc.a(lib_a-vfprintf.o) (__swsetup_r)
c:/altera/13.0/nios2eds/bin/gnu/h-i686-mingw32/bin/../lib/gcc/nios2-elf/4.1.2/../../../../nios2-elf/lib\libc.a(lib_a-dtoa.o)
                              c:/altera/13.0/nios2eds/bin/gnu/h-i686-mingw32/bin/../lib/gcc/nios2-elf/4.1.2/../../../../nios2-elf/lib\libc.a(lib_a-vfprintf.o) (_dtoa_r)
c:/altera/13.0/nios2eds/bin/gnu/h-i686-mingw32/bin/../lib/gcc/nios2-elf/4.1.2/../../../../nios2-elf/lib\libc.a(lib_a-fflush.o)
                              c:/altera/13.0/nios2eds/bin/gnu/h-i686-mingw32/bin/../lib/gcc/nios2-elf/4.1.2/../../../../nios2-elf/lib\libc.a(lib_a-vfprintf.o) (_fflush_r)
c:/altera/13.0/nios2eds/bin/gnu/h-i686-mingw32/bin/../lib/gcc/nios2-elf/4.1.2/../../../../nios2-elf/lib\libc.a(lib_a-findfp.o)
                              c:/altera/13.0/nios2eds/bin/gnu/h-i686-mingw32/bin/../lib/gcc/nios2-elf/4.1.2/../../../../nios2-elf/lib\libc.a(lib_a-vfprintf.o) (__sinit)
c:/altera/13.0/nios2eds/bin/gnu/h-i686-mingw32/bin/../lib/gcc/nios2-elf/4.1.2/../../../../nios2-elf/lib\libc.a(lib_a-freer.o)
                              c:/altera/13.0/nios2eds/bin/gnu/h-i686-mingw32/bin/../lib/gcc/nios2-elf/4.1.2/../../../../nios2-elf/lib\libc.a(lib_a-wsetup.o) (_free_r)
c:/altera/13.0/nios2eds/bin/gnu/h-i686-mingw32/bin/../lib/gcc/nios2-elf/4.1.2/../../../../nios2-elf/lib\libc.a(lib_a-fvwrite.o)
                              c:/altera/13.0/nios2eds/bin/gnu/h-i686-mingw32/bin/../lib/gcc/nios2-elf/4.1.2/../../../../nios2-elf/lib\libc.a(lib_a-puts.o) (__sfvwrite_r)
c:/altera/13.0/nios2eds/bin/gnu/h-i686-mingw32/bin/../lib/gcc/nios2-elf/4.1.2/../../../../nios2-elf/lib\libc.a(lib_a-fwalk.o)
                              c:/altera/13.0/nios2eds/bin/gnu/h-i686-mingw32/bin/../lib/gcc/nios2-elf/4.1.2/../../../../nios2-elf/lib\libc.a(lib_a-fflush.o) (_fwalk_reent)
c:/altera/13.0/nios2eds/bin/gnu/h-i686-mingw32/bin/../lib/gcc/nios2-elf/4.1.2/../../../../nios2-elf/lib\libc.a(lib_a-impure.o)
                              c:/altera/13.0/nios2eds/bin/gnu/h-i686-mingw32/bin/../lib/gcc/nios2-elf/4.1.2/../../../../nios2-elf/lib\libc.a(lib_a-printf.o) (_impure_ptr)
c:/altera/13.0/nios2eds/bin/gnu/h-i686-mingw32/bin/../lib/gcc/nios2-elf/4.1.2/../../../../nios2-elf/lib\libc.a(lib_a-locale.o)
                              c:/altera/13.0/nios2eds/bin/gnu/h-i686-mingw32/bin/../lib/gcc/nios2-elf/4.1.2/../../../../nios2-elf/lib\libc.a(lib_a-vfprintf.o) (_localeconv_r)
c:/altera/13.0/nios2eds/bin/gnu/h-i686-mingw32/bin/../lib/gcc/nios2-elf/4.1.2/../../../../nios2-elf/lib\libc.a(lib_a-makebuf.o)
                              c:/altera/13.0/nios2eds/bin/gnu/h-i686-mingw32/bin/../lib/gcc/nios2-elf/4.1.2/../../../../nios2-elf/lib\libc.a(lib_a-wsetup.o) (__smakebuf_r)
c:/altera/13.0/nios2eds/bin/gnu/h-i686-mingw32/bin/../lib/gcc/nios2-elf/4.1.2/../../../../nios2-elf/lib\libc.a(lib_a-mallocr.o)
                              c:/altera/13.0/nios2eds/bin/gnu/h-i686-mingw32/bin/../lib/gcc/nios2-elf/4.1.2/../../../../nios2-elf/lib\libc.a(lib_a-findfp.o) (_malloc_r)
c:/altera/13.0/nios2eds/bin/gnu/h-i686-mingw32/bin/../lib/gcc/nios2-elf/4.1.2/../../../../nios2-elf/lib\libc.a(lib_a-memchr.o)
                              c:/altera/13.0/nios2eds/bin/gnu/h-i686-mingw32/bin/../lib/gcc/nios2-elf/4.1.2/../../../../nios2-elf/lib\libc.a(lib_a-vfprintf.o) (memchr)
c:/altera/13.0/nios2eds/bin/gnu/h-i686-mingw32/bin/../lib/gcc/nios2-elf/4.1.2/../../../../nios2-elf/lib\libc.a(lib_a-memcpy.o)
                              c:/altera/13.0/nios2eds/bin/gnu/h-i686-mingw32/bin/../lib/gcc/nios2-elf/4.1.2/../../../../nios2-elf/lib\libc.a(lib_a-dtoa.o) (memcpy)
[...]
Memory Configuration

Name             Origin             Length             Attributes
reset            0x00000000         0x00000020
EPCS             0x00000020         0x000007e0
SDRAM_BEFORE_EXCEPTION 0x01000000         0x00000020
SDRAM            0x01000020         0x007fffe0
*default*        0x00000000         0xffffffff

Linker script and memory map

LOAD ../SBQ_1_bsp//obj/HAL/src/crt0.o
LOAD obj/default/hello_world.o
LOAD c:/altera/13.0/nios2eds/bin/gnu/h-i686-mingw32/bin/../lib/gcc/nios2-elf/4.1.2/../../../../nios2-elf/lib\libstdc++.a
LOAD c:/altera/13.0/nios2eds/bin/gnu/h-i686-mingw32/bin/../lib/gcc/nios2-elf/4.1.2/../../../../nios2-elf/lib\libm.a
LOAD c:/altera/13.0/nios2eds/bin/gnu/h-i686-mingw32/bin/../lib/gcc/nios2-elf/4.1.2\libgcc.a
START GROUP
LOAD c:/altera/13.0/nios2eds/bin/gnu/h-i686-mingw32/bin/../lib/gcc/nios2-elf/4.1.2/../../../../nios2-elf/lib\libc.a
LOAD c:/altera/13.0/nios2eds/bin/gnu/h-i686-mingw32/bin/../lib/gcc/nios2-elf/4.1.2\libgcc.a
LOAD ../SBQ_1_bsp/\libhal_bsp.a
END GROUP
LOAD c:/altera/13.0/nios2eds/bin/gnu/h-i686-mingw32/bin/../lib/gcc/nios2-elf/4.1.2\libgcc.a
                0x00000000                __alt_mem_EPCS = 0x0
                0x01000000                __alt_mem_SDRAM = 0x1000000

.entry          0x00000000        0x0
 *(.entry)
 .entry         0x00000000        0x0 ../SBQ_1_bsp//obj/HAL/src/crt0.o
                0x00000000                __reset

.exceptions     0x01000020      0x194
                0x01000020                PROVIDE (__ram_exceptions_start, ABSOLUTE (.))
                0x01000020                . = ALIGN (0x20)
 *(.irq)
 *(.exceptions.entry.label)
 .exceptions.entry.label
                0x01000020        0x0 ../SBQ_1_bsp/\libhal_bsp.a(alt_irq_entry.o)
                0x01000020                alt_irq_entry
 .exceptions.entry.label
                0x01000020        0x0 ../SBQ_1_bsp/\libhal_bsp.a(alt_exception_entry.o)
                0x01000020                alt_exception
 *(.exceptions.entry.user)
 *(.exceptions.entry)
 .exceptions.entry
                0x01000020       0x54 ../SBQ_1_bsp/\libhal_bsp.a(alt_exception_entry.o)
 *(.exceptions.irqtest.user)
 *(.exceptions.irqtest)
 .exceptions.irqtest
                0x01000074       0x10 ../SBQ_1_bsp/\libhal_bsp.a(alt_irq_entry.o)
 *(.exceptions.irqhandler.user)
 *(.exceptions.irqhandler)
 .exceptions.irqhandler
                0x01000084        0x4 ../SBQ_1_bsp/\libhal_bsp.a(alt_irq_entry.o)
 *(.exceptions.irqreturn.user)
 *(.exceptions.irqreturn)
 .exceptions.irqreturn
                0x01000088        0x4 ../SBQ_1_bsp/\libhal_bsp.a(alt_irq_entry.o)
 *(.exceptions.notirq.label)
 .exceptions.notirq.label
                0x0100008c        0x0 ../SBQ_1_bsp/\libhal_bsp.a(alt_irq_entry.o)
 *(.exceptions.notirq.user)
 *(.exceptions.notirq)
 .exceptions.notirq
                0x0100008c        0x8 ../SBQ_1_bsp/\libhal_bsp.a(alt_exception_entry.o)
 *(.exceptions.soft.user)
 *(.exceptions.soft)
 *(.exceptions.unknown.user)
 *(.exceptions.unknown)
 .exceptions.unknown
                0x01000094        0x4 ../SBQ_1_bsp/\libhal_bsp.a(alt_exception_entry.o)
 *(.exceptions.exit.label)
 .exceptions.exit.label
                0x01000098        0x0 ../SBQ_1_bsp/\libhal_bsp.a(alt_irq_entry.o)
 .exceptions.exit.label
                0x01000098        0x0 ../SBQ_1_bsp/\libhal_bsp.a(alt_exception_entry.o)
 *(.exceptions.exit.user)
 *(.exceptions.exit)
 .exceptions.exit
                0x01000098       0x54 ../SBQ_1_bsp/\libhal_bsp.a(alt_exception_entry.o)
 *(.exceptions)
 .exceptions    0x010000ec       0xc8 ../SBQ_1_bsp/\libhal_bsp.a(alt_irq_handler.o)
                0x010000ec                alt_irq_handler
                0x010001b4                PROVIDE (__ram_exceptions_end, ABSOLUTE (.))
                0x01000020                PROVIDE (__flash_exceptions_start, LOADADDR (.exceptions))

.text           0x010001b4     0xdd80
                0x010001b4                PROVIDE (stext, ABSOLUTE (.))
 *(.interp)
 *(.hash)
 *(.dynsym)
 *(.dynstr)
 *(.gnu.version)
 *(.gnu.version_d)
 *(.gnu.version_r)
 *(.rel.init)
 *(.rela.init)
 *(.rel.text .rel.text.* .rel.gnu.linkonce.t.*)
 *(.rela.text .rela.text.* .rela.gnu.linkonce.t.*)
 *(.rel.fini)
 *(.rela.fini)
 *(.rel.rodata .rel.rodata.* .rel.gnu.linkonce.r.*)
 *(.rela.rodata .rela.rodata.* .rela.gnu.linkonce.r.*)
 *(.rel.data .rel.data.* .rel.gnu.linkonce.d.*)
 *(.rela.data .rela.data.* .rela.gnu.linkonce.d.*)
 *(.rel.tdata .rel.tdata.* .rel.gnu.linkonce.td.*)
 *(.rela.tdata .rela.tdata.* .rela.gnu.linkonce.td.*)
 *(.rel.tbss .rel.tbss.* .rel.gnu.linkonce.tb.*)
 *(.rela.tbss .rela.tbss.* .rela.gnu.linkonce.tb.*)
 *(.rel.ctors)
 *(.rela.ctors)
 *(.rel.dtors)
 *(.rela.dtors)
 *(.rel.got)
 *(.rela.got)
 *(.rel.sdata .rel.sdata.* .rel.gnu.linkonce.s.*)
 *(.rela.sdata .rela.sdata.* .rela.gnu.linkonce.s.*)
 *(.rel.sbss .rel.sbss.* .rel.gnu.linkonce.sb.*)
 *(.rela.sbss .rela.sbss.* .rela.gnu.linkonce.sb.*)
 *(.rel.sdata2 .rel.sdata2.* .rel.gnu.linkonce.s2.*)
 *(.rela.sdata2 .rela.sdata2.* .rela.gnu.linkonce.s2.*)
 *(.rel.sbss2 .rel.sbss2.* .rel.gnu.linkonce.sb2.*)
 *(.rela.sbss2 .rela.sbss2.* .rela.gnu.linkonce.sb2.*)
 *(.rel.bss .rel.bss.* .rel.gnu.linkonce.b.*)
 *(.rela.bss .rela.bss.* .rela.gnu.linkonce.b.*)
 *(.rel.plt)
 *(.rela.plt)
 *(.rel.dyn)
 *(.init)
 *(.plt)
 *(.text .stub .text.* .gnu.linkonce.t.*)
 .text          0x010001b4       0x38 ../SBQ_1_bsp//obj/HAL/src/crt0.o
                0x010001b4                _start
 .text          0x010001ec      0x820 obj/default/hello_world.o
                0x010001ec                initPIO
                0x0100022c                setData_0
                0x010002ac                setOne_0
                0x010002e4                setZero_0
                0x01000320                readData_0
                0x01000358                changeDir_0
                0x010003dc                data_send
                0x01000488                write_command
                0x010004c0                write_data
                0x010004fc                set_x
                0x01000544                set_y
                0x01000580                clear
                0x01000600                draw_screen
                0x01000698                draw_word
                0x01000794                draw_xy
                0x01000894                initialize_lcd
                0x01000910                main
 .text          0x01000a0c       0x78 c:/altera/13.0/nios2eds/bin/gnu/h-i686-mingw32/bin/../lib/gcc/nios2-elf/4.1.2/../../../../nios2-elf/lib\libc.a(lib_a-printf.o)
                0x01000a0c                printf
                0x01000a50                _printf_r
 .text          0x01000a84       0xb4 c:/altera/13.0/nios2eds/bin/gnu/h-i686-mingw32/bin/../lib/gcc/nios2-elf/4.1.2/../../../../nios2-elf/lib\libc.a(lib_a-puts.o)
                0x01000a84                _puts_r
                0x01000b24                puts
 .text          0x01000b38       0x74 c:/altera/13.0/nios2eds/bin/gnu/h-i686-mingw32/bin/../lib/gcc/nios2-elf/4.1.2/../../../../nios2-elf/lib\libc.a(lib_a-strlen.o)
                0x01000b38                strlen
 .text          0x01000bac     0x1f28 c:/altera/13.0/nios2eds/bin/gnu/h-i686-mingw32/bin/../lib/gcc/nios2-elf/4.1.2/../../../../nios2-elf/lib\libc.a(lib_a-vfprintf.o)
                0x01000c04                ___vfprintf_internal_r
                0x01002ab0                __vfprintf_internal
 .text          0x01002ad4      0x13c c:/altera/13.0/nios2eds/bin/gnu/h-i686-mingw32/bin/../lib/gcc/nios2-elf/4.1.2/../../../../nios2-elf/lib\libc.a(lib_a-wsetup.o)
                0x01002ad4                __swsetup_r
 .text          0x01002c10     0x17cc c:/altera/13.0/nios2eds/bin/gnu/h-i686-mingw32/bin/../lib/gcc/nios2-elf/4.1.2/../../../../nios2-elf/lib\libc.a(lib_a-dtoa.o)
                0x01002e28                _dtoa_r
 .text          0x010043dc      0x230 c:/altera/13.0/nios2eds/bin/gnu/h-i686-mingw32/bin/../lib/gcc/nios2-elf/4.1.2/../../../../nios2-elf/lib\libc.a(lib_a-fflush.o)
                0x010043dc                _fflush_r
                0x010045d8                fflush
 .text          0x0100460c      0x2c0 c:/altera/13.0/nios2eds/bin/gnu/h-i686-mingw32/bin/../lib/gcc/nios2-elf/4.1.2/../../../../nios2-elf/lib\libc.a(lib_a-findfp.o)
                0x01004664                __sfp_lock_acquire
                0x01004668                __sfp_lock_release
                0x0100466c                __sinit_lock_acquire
                0x01004670                __sinit_lock_release
                0x01004674                __sinit
                0x01004728                __fp_unlock_all
                0x01004740                __fp_lock_all
                0x01004758                _cleanup_r
                0x01004764                _cleanup
                0x01004774                __sfmoreglue
                0x010047dc                __sfp
 .text          0x010048cc      0x440 c:/altera/13.0/nios2eds/bin/gnu/h-i686-mingw32/bin/../lib/gcc/nios2-elf/4.1.2/../../../../nios2-elf/lib\libc.a(lib_a-freer.o)
                0x010048cc                _malloc_trim_r
                0x010049f8                _free_r
 .text          0x01004d0c      0x49c c:/altera/13.0/nios2eds/bin/gnu/h-i686-mingw32/bin/../lib/gcc/nios2-elf/4.1.2/../../../../nios2-elf/lib\libc.a(lib_a-fvwrite.o)
                0x01004d0c                __sfvwrite_r
 .text          0x010051a8      0x180 c:/altera/13.0/nios2eds/bin/gnu/h-i686-mingw32/bin/../lib/gcc/nios2-elf/4.1.2/../../../../nios2-elf/lib\libc.a(lib_a-fwalk.o)
                0x010051a8                _fwalk_reent
                0x01005270                _fwalk
 .text          0x01005328        0x0 c:/altera/13.0/nios2eds/bin/gnu/h-i686-mingw32/bin/../lib/gcc/nios2-elf/4.1.2/../../../../nios2-elf/lib\libc.a(lib_a-impure.o)
 .text          0x01005328       0xc4 c:/altera/13.0/nios2eds/bin/gnu/h-i686-mingw32/bin/../lib/gcc/nios2-elf/4.1.2/../../../../nios2-elf/lib\libc.a(lib_a-locale.o)
                0x01005328                __locale_charset
                0x01005330                _localeconv_r
                0x0100533c                localeconv
                0x0100534c                _setlocale_r
                0x010053d0                setlocale
 .text          0x010053ec      0x194 c:/altera/13.0/nios2eds/bin/gnu/h-i686-mingw32/bin/../lib/gcc/nios2-elf/4.1.2/../../../../nios2-elf/lib\libc.a(lib_a-makebuf.o)
                0x010053ec                __smakebuf_r
 .text          0x01005580      0x740 c:/altera/13.0/nios2eds/bin/gnu/h-i686-mingw32/bin/../lib/gcc/nios2-elf/4.1.2/../../../../nios2-elf/lib\libc.a(lib_a-mallocr.o)
                0x01005580                _malloc_r
 .text          0x01005cc0       0xe4 c:/altera/13.0/nios2eds/bin/gnu/h-i686-mingw32/bin/../lib/gcc/nios2-elf/4.1.2/../../../../nios2-elf/lib\libc.a(lib_a-memchr.o)
                0x01005cc0                memchr
 .text          0x01005da4       0xa0 c:/altera/13.0/nios2eds/bin/gnu/h-i686-mingw32/bin/../lib/gcc/nios2-elf/4.1.2/../../../../nios2-elf/lib\libc.a(lib_a-memcpy.o)
                0x01005da4                memcpy
 .text          0x01005e44       0xe0 c:/altera/13.0/nios2eds/bin/gnu/h-i686-mingw32/bin/../lib/gcc/nios2-elf/4.1.2/../../../../nios2-elf/lib\libc.a(lib_a-memmove.o)
                0x01005e44                memmove
 .text          0x01005f24       0x98 c:/altera/13.0/nios2eds/bin/gnu/h-i686-mingw32/bin/../lib/gcc/nios2-elf/4.1.2/../../../../nios2-elf/lib\libc.a(lib_a-memset.o)
                0x01005f24                memset
 .text          0x01005fbc      0xff4 c:/altera/13.0/nios2eds/bin/gnu/h-i686-mingw32/bin/../lib/gcc/nios2-elf/4.1.2/../../../../nios2-elf/lib\libc.a(lib_a-mprec.o)
                0x01005fbc                _Bfree
                0x01005fe4                __hi0bits
                0x01006054                __lo0bits
                0x01006118                __mcmp
                0x01006178                __ulp
                0x010061f8                __b2d
                0x01006318                __ratio
                0x010063c8                _mprec_log10
                0x0100645c                __copybits
                0x010064b4                __any_on
                0x0100653c                _Balloc
                0x010065f8                __d2b
                0x01006774                __mdiff
                0x01006900                __lshift
                0x01006a4c                __multiply
                0x01006c34                __i2b
                0x01006c70                __multadd
                0x01006d70                __pow5mult
                0x01006e90                __s2b
 .text          0x01006fb0      0x5f4 c:/altera/13.0/nios2eds/bin/gnu/h-i686-mingw32/bin/../lib/gcc/nios2-elf/4.1.2/../../../../nios2-elf/lib\libc.a(lib_a-reallocr.o)
                0x01006fb0                _realloc_r
 .text          0x010075a4       0x40 c:/altera/13.0/nios2eds/bin/gnu/h-i686-mingw32/bin/../lib/gcc/nios2-elf/4.1.2/../../../../nios2-elf/lib\libc.a(lib_a-s_isinfd.o)
                0x010075a4                __isinfd
 .text          0x010075e4       0x30 c:/altera/13.0/nios2eds/bin/gnu/h-i686-mingw32/bin/../lib/gcc/nios2-elf/4.1.2/../../../../nios2-elf/lib\libc.a(lib_a-s_isnand.o)
                0x010075e4                __isnand
 .text          0x01007614       0x70 c:/altera/13.0/nios2eds/bin/gnu/h-i686-mingw32/bin/../lib/gcc/nios2-elf/4.1.2/../../../../nios2-elf/lib\libc.a(lib_a-sbrkr.o)
                0x01007614                _sbrk_r
 .text          0x01007684      0x14c c:/altera/13.0/nios2eds/bin/gnu/h-i686-mingw32/bin/../lib/gcc/nios2-elf/4.1.2/../../../../nios2-elf/lib\libc.a(lib_a-stdio.o)
                0x01007684                __sclose
                0x0100768c                __sseek
                0x010076f4                __swrite
                0x01007770                __sread
 .text          0x010077d0       0xbc c:/altera/13.0/nios2eds/bin/gnu/h-i686-mingw32/bin/../lib/gcc/nios2-elf/4.1.2/../../../../nios2-elf/lib\libc.a(lib_a-strcmp.o)
                0x010077d0                strcmp
 .text          0x0100788c       0x78 c:/altera/13.0/nios2eds/bin/gnu/h-i686-mingw32/bin/../lib/gcc/nios2-elf/4.1.2/../../../../nios2-elf/lib\libc.a(lib_a-writer.o)
                0x0100788c                _write_r
 .text          0x01007904       0xb4 c:/altera/13.0/nios2eds/bin/gnu/h-i686-mingw32/bin/../lib/gcc/nios2-elf/4.1.2/../../../../nios2-elf/lib\libc.a(lib_a-callocr.o)
                0x01007904                _calloc_r
 .text          0x010079b8       0x70 c:/altera/13.0/nios2eds/bin/gnu/h-i686-mingw32/bin/../lib/gcc/nios2-elf/4.1.2/../../../../nios2-elf/lib\libc.a(lib_a-closer.o)
                0x010079b8                _close_r
 .text          0x01007a28      0x124 c:/altera/13.0/nios2eds/bin/gnu/h-i686-mingw32/bin/../lib/gcc/nios2-elf/4.1.2/../../../../nios2-elf/lib\libc.a(lib_a-fclose.o)
                0x01007a28                _fclose_r
                0x01007b38                fclose
 .text          0x01007b4c       0x74 c:/altera/13.0/nios2eds/bin/gnu/h-i686-mingw32/bin/../lib/gcc/nios2-elf/4.1.2/../../../../nios2-elf/lib\libc.a(lib_a-fstatr.o)
                0x01007b4c                _fstat_r
 .text          0x01007bc0        0x0 c:/altera/13.0/nios2eds/bin/gnu/h-i686-mingw32/bin/../lib/gcc/nios2-elf/4.1.2/../../../../nios2-elf/lib\libc.a(lib_a-int_errno.o)
 .text          0x01007bc0       0x70 c:/altera/13.0/nios2eds/bin/gnu/h-i686-mingw32/bin/../lib/gcc/nios2-elf/4.1.2/../../../../nios2-elf/lib\libc.a(lib_a-isattyr.o)
                0x01007bc0                _isatty_r
 .text          0x01007c30       0x78 c:/altera/13.0/nios2eds/bin/gnu/h-i686-mingw32/bin/../lib/gcc/nios2-elf/4.1.2/../../../../nios2-elf/lib\libc.a(lib_a-lseekr.o)
                0x01007c30                _lseek_r
 .text          0x01007ca8       0x78 c:/altera/13.0/nios2eds/bin/gnu/h-i686-mingw32/bin/../lib/gcc/nios2-elf/4.1.2/../../../../nios2-elf/lib\libc.a(lib_a-readr.o)
                0x01007ca8                _read_r
 .text          0x01007d20      0x5dc c:/altera/13.0/nios2eds/bin/gnu/h-i686-mingw32/bin/../lib/gcc/nios2-elf/4.1.2\libgcc.a(_udivdi3.o)
                0x01007d20                __udivdi3
 .text          0x010082fc      0x5b0 c:/altera/13.0/nios2eds/bin/gnu/h-i686-mingw32/bin/../lib/gcc/nios2-elf/4.1.2\libgcc.a(_umoddi3.o)
                0x010082fc                __umoddi3
 .text          0x010088ac      0x504 c:/altera/13.0/nios2eds/bin/gnu/h-i686-mingw32/bin/../lib/gcc/nios2-elf/4.1.2\libgcc.a(_addsub_df.o)
                0x01008cbc                __subdf3
                0x01008d3c                __adddf3
 .text          0x01008db0      0x3c4 c:/altera/13.0/nios2eds/bin/gnu/h-i686-mingw32/bin/../lib/gcc/nios2-elf/4.1.2\libgcc.a(_mul_df.o)
                0x01008db0                __muldf3
 .text          0x01009174      0x258 c:/altera/13.0/nios2eds/bin/gnu/h-i686-mingw32/bin/../lib/gcc/nios2-elf/4.1.2\libgcc.a(_div_df.o)
                0x01009174                __divdf3
 .text          0x010093cc       0x88 c:/altera/13.0/nios2eds/bin/gnu/h-i686-mingw32/bin/../lib/gcc/nios2-elf/4.1.2\libgcc.a(_eq_df.o)
                0x010093cc                __eqdf2
 .text          0x01009454       0x88 c:/altera/13.0/nios2eds/bin/gnu/h-i686-mingw32/bin/../lib/gcc/nios2-elf/4.1.2\libgcc.a(_ne_df.o)
                0x01009454                __nedf2
 .text          0x010094dc       0x88 c:/altera/13.0/nios2eds/bin/gnu/h-i686-mingw32/bin/../lib/gcc/nios2-elf/4.1.2\libgcc.a(_gt_df.o)
                0x010094dc                __gtdf2
 .text          0x01009564       0x88 c:/altera/13.0/nios2eds/bin/gnu/h-i686-mingw32/bin/../lib/gcc/nios2-elf/4.1.2\libgcc.a(_ge_df.o)
                0x01009564                __gedf2
 .text          0x010095ec       0x88 c:/altera/13.0/nios2eds/bin/gnu/h-i686-mingw32/bin/../lib/gcc/nios2-elf/4.1.2\libgcc.a(_lt_df.o)
                0x010095ec                __ltdf2
 .text          0x01009674       0xf8 c:/altera/13.0/nios2eds/bin/gnu/h-i686-mingw32/bin/../lib/gcc/nios2-elf/4.1.2\libgcc.a(_si_to_df.o)
                0x01009674                __floatsidf
 .text          0x0100976c       0xd8 c:/altera/13.0/nios2eds/bin/gnu/h-i686-mingw32/bin/../lib/gcc/nios2-elf/4.1.2\libgcc.a(_df_to_si.o)
                0x0100976c                __fixdfsi
 .text          0x01009844        0x0 c:/altera/13.0/nios2eds/bin/gnu/h-i686-mingw32/bin/../lib/gcc/nios2-elf/4.1.2\libgcc.a(_thenan_df.o)
 .text          0x01009844      0x194 c:/altera/13.0/nios2eds/bin/gnu/h-i686-mingw32/bin/../lib/gcc/nios2-elf/4.1.2\libgcc.a(_usi_to_df.o)
                0x01009844                __floatunsidf
 .text          0x010099d8      0x14c c:/altera/13.0/nios2eds/bin/gnu/h-i686-mingw32/bin/../lib/gcc/nios2-elf/4.1.2\libgcc.a(lib2-divmod.o)
                0x01009a54                __divsi3
                0x01009ab4                __modsi3
                0x01009b14                __udivsi3
                0x01009b1c                __umodsi3
 .text          0x01009b24       0x98 c:/altera/13.0/nios2eds/bin/gnu/h-i686-mingw32/bin/../lib/gcc/nios2-elf/4.1.2\libgcc.a(_muldi3.o)
                0x01009b24                __muldi3
 .text          0x01009bbc        0x0 c:/altera/13.0/nios2eds/bin/gnu/h-i686-mingw32/bin/../lib/gcc/nios2-elf/4.1.2\libgcc.a(_clz.o)
 .text          0x01009bbc       0x80 c:/altera/13.0/nios2eds/bin/gnu/h-i686-mingw32/bin/../lib/gcc/nios2-elf/4.1.2\libgcc.a(_clzsi2.o)
                0x01009bbc                __clzsi2
 .text          0x01009c3c      0x314 c:/altera/13.0/nios2eds/bin/gnu/h-i686-mingw32/bin/../lib/gcc/nios2-elf/4.1.2\libgcc.a(_pack_df.o)
                0x01009c3c                __pack_d
 .text          0x01009f50      0x138 c:/altera/13.0/nios2eds/bin/gnu/h-i686-mingw32/bin/../lib/gcc/nios2-elf/4.1.2\libgcc.a(_unpack_df.o)
                0x01009f50                __unpack_d
 .text          0x0100a088       0xc8 c:/altera/13.0/nios2eds/bin/gnu/h-i686-mingw32/bin/../lib/gcc/nios2-elf/4.1.2\libgcc.a(_fpcmp_parts_df.o)
                0x0100a088                __fpcmp_parts_d
 .text          0x0100a150      0x15c ../SBQ_1_bsp/\libhal_bsp.a(alt_close.o)
                0x0100a150                close
 .text          0x0100a2ac       0x2c ../SBQ_1_bsp/\libhal_bsp.a(alt_dev.o)
 .text          0x0100a2d8        0x0 ../SBQ_1_bsp/\libhal_bsp.a(alt_errno.o)
 .text          0x0100a2d8      0x134 ../SBQ_1_bsp/\libhal_bsp.a(alt_fstat.o)
                0x0100a2d8                fstat
 .text          0x0100a40c      0x120 ../SBQ_1_bsp/\libhal_bsp.a(alt_isatty.o)
                0x0100a40c                isatty
 .text          0x0100a52c      0x150 ../SBQ_1_bsp/\libhal_bsp.a(alt_lseek.o)
                0x0100a52c                lseek
 .text          0x0100a67c       0x6c ../SBQ_1_bsp/\libhal_bsp.a(alt_main.o)
                0x0100a67c                alt_main
 .text          0x0100a6e8       0x40 ../SBQ_1_bsp/\libhal_bsp.a(alt_malloc_lock.o)
                0x0100a6e8                __malloc_lock
                0x0100a708                __malloc_unlock
 .text          0x0100a728      0x180 ../SBQ_1_bsp/\libhal_bsp.a(alt_read.o)
                0x0100a728                read
 .text          0x0100a8a8       0x60 ../SBQ_1_bsp/\libhal_bsp.a(alt_release_fd.o)
                0x0100a8a8                alt_release_fd
 .text          0x0100a908       0xbc ../SBQ_1_bsp/\libhal_bsp.a(alt_sbrk.o)
                0x0100a908                sbrk
 .text          0x0100a9c4       0x30 ../SBQ_1_bsp/\libhal_bsp.a(alt_usleep.o)
                0x0100a9c4                usleep
 .text          0x0100a9f4      0x180 ../SBQ_1_bsp/\libhal_bsp.a(alt_write.o)
                0x0100a9f4                write
 .text          0x0100ab74       0xd0 ../SBQ_1_bsp/\libhal_bsp.a(alt_sys_init.o)
                0x0100ab74                alt_irq_init
                0x0100aba8                alt_sys_init
 .text          0x0100ac44      0x9e4 ../SBQ_1_bsp/\libhal_bsp.a(altera_avalon_epcs_flash_controller.o)
                0x0100ac44                alt_epcs_flash_init
                0x0100b060                alt_epcs_flash_write
                0x0100b2e0                alt_epcs_flash_get_info
                0x0100b370                alt_epcs_flash_erase_block
                0x0100b474                alt_epcs_flash_write_block
                0x0100b590                alt_epcs_flash_read
 .text          0x0100b628      0x148 ../SBQ_1_bsp/\libhal_bsp.a(altera_avalon_jtag_uart_fd.o)
                0x0100b628                altera_avalon_jtag_uart_read_fd
                0x0100b680                altera_avalon_jtag_uart_write_fd
                0x0100b6d8                altera_avalon_jtag_uart_close_fd
                0x0100b720                altera_avalon_jtag_uart_ioctl_fd
 .text          0x0100b770      0x40c ../SBQ_1_bsp/\libhal_bsp.a(altera_avalon_jtag_uart_init.o)
                0x0100b770                altera_avalon_jtag_uart_init
                0x0100bb08                altera_avalon_jtag_uart_close
 .text          0x0100bb7c       0xf4 ../SBQ_1_bsp/\libhal_bsp.a(altera_avalon_jtag_uart_ioctl.o)
                0x0100bb7c                altera_avalon_jtag_uart_ioctl
 .text          0x0100bc70      0x224 ../SBQ_1_bsp/\libhal_bsp.a(altera_avalon_jtag_uart_read.o)
                0x0100bc70                altera_avalon_jtag_uart_read
 .text          0x0100be94      0x240 ../SBQ_1_bsp/\libhal_bsp.a(altera_avalon_jtag_uart_write.o)
                0x0100be94                altera_avalon_jtag_uart_write
 .text          0x0100c0d4      0x100 ../SBQ_1_bsp/\libhal_bsp.a(altera_avalon_timer_sc.o)
                0x0100c144                alt_avalon_timer_sc_init
 .text          0x0100c1d4      0x6d4 ../SBQ_1_bsp/\libhal_bsp.a(epcs_commands.o)
                0x0100c1d4                epcs_read_status_register
                0x0100c234                epcs_sector_erase
                0x0100c39c                epcs_read_buffer
                0x0100c4e8                epcs_write_enable
                0x0100c538                epcs_write_status_register
                0x0100c59c                epcs_write_buffer
                0x0100c70c                epcs_read_electronic_signature
                0x0100c778                epcs_read_device_id
                0x0100c7f8                epcs_enter_4_bytes_mode
                0x0100c850                epcs_exit_4_bytes_mode
 .text          0x0100c8a8      0x154 ../SBQ_1_bsp/\libhal_bsp.a(alt_alarm_start.o)
                0x0100c8a8                alt_alarm_start
 .text          0x0100c9fc      0x14c ../SBQ_1_bsp/\libhal_bsp.a(alt_busy_sleep.o)
                0x0100c9fc                alt_busy_sleep
 .text          0x0100cb48      0x114 ../SBQ_1_bsp/\libhal_bsp.a(alt_dev_llist_insert.o)
                0x0100cb48                alt_dev_llist_insert
 .text          0x0100cc5c       0x64 ../SBQ_1_bsp/\libhal_bsp.a(alt_do_ctors.o)
                0x0100cc5c                _do_ctors
 .text          0x0100ccc0       0x64 ../SBQ_1_bsp/\libhal_bsp.a(alt_do_dtors.o)
                0x0100ccc0                _do_dtors
 .text          0x0100cd24       0xd0 ../SBQ_1_bsp/\libhal_bsp.a(alt_flash_dev.o)
                0x0100cd24                alt_flash_open_dev
                0x0100cda0                alt_flash_close_dev
 .text          0x0100cdf4      0x1d4 ../SBQ_1_bsp/\libhal_bsp.a(alt_iic.o)
                0x0100cdf4                alt_ic_isr_register
                0x0100ce44                alt_ic_irq_enable
                0x0100cee0                alt_ic_irq_disable
                0x0100cf80                alt_ic_irq_enabled
 .text          0x0100cfc8       0xf8 ../SBQ_1_bsp/\libhal_bsp.a(alt_iic_isr_register.o)
                0x0100cfc8                alt_iic_isr_register
 .text          0x0100d0c0      0x13c ../SBQ_1_bsp/\libhal_bsp.a(alt_io_redirect.o)
                0x0100d184                alt_io_redirect
 .text          0x0100d1fc        0x0 ../SBQ_1_bsp/\libhal_bsp.a(alt_irq_entry.o)
 .text          0x0100d1fc        0x0 ../SBQ_1_bsp/\libhal_bsp.a(alt_irq_handler.o)
 .text          0x0100d1fc        0x0 ../SBQ_1_bsp/\libhal_bsp.a(alt_irq_vars.o)
 .text          0x0100d1fc      0x2c4 ../SBQ_1_bsp/\libhal_bsp.a(alt_open.o)
                0x0100d2d8                open
 .text          0x0100d4c0      0x1a4 ../SBQ_1_bsp/\libhal_bsp.a(alt_tick.o)
                0x0100d4c0                alt_alarm_stop
                0x0100d558                alt_tick
 .text          0x0100d664       0x20 ../SBQ_1_bsp/\libhal_bsp.a(altera_nios2_qsys_irq.o)
                0x0100d664                altera_nios2_qsys_irq_init
 .text          0x0100d684      0x238 ../SBQ_1_bsp/\libhal_bsp.a(altera_avalon_spi.o)
                0x0100d684                alt_avalon_spi_command
 .text          0x0100d8bc        0x0 ../SBQ_1_bsp/\libhal_bsp.a(alt_exception_entry.o)
 .text          0x0100d8bc       0x94 ../SBQ_1_bsp/\libhal_bsp.a(alt_find_dev.o)
                0x0100d8bc                alt_find_dev
 .text          0x0100d950      0x120 ../SBQ_1_bsp/\libhal_bsp.a(alt_find_file.o)
                0x0100d950                alt_find_file
 .text          0x0100da70       0xb8 ../SBQ_1_bsp/\libhal_bsp.a(alt_get_fd.o)
                0x0100da70                alt_get_fd
 .text          0x0100db28       0x14 c:/altera/13.0/nios2eds/bin/gnu/h-i686-mingw32/bin/../lib/gcc/nios2-elf/4.1.2/../../../../nios2-elf/lib\libc.a(lib_a-atexit.o)
                0x0100db28                atexit
 .text          0x0100db3c       0x38 c:/altera/13.0/nios2eds/bin/gnu/h-i686-mingw32/bin/../lib/gcc/nios2-elf/4.1.2/../../../../nios2-elf/lib\libc.a(lib_a-exit.o)
                0x0100db3c                exit
 .text          0x0100db74       0x74 c:/altera/13.0/nios2eds/bin/gnu/h-i686-mingw32/bin/../lib/gcc/nios2-elf/4.1.2/../../../../nios2-elf/lib\libc.a(lib_a-memcmp.o)
                0x0100db74                memcmp
 .text          0x0100dbe8      0x134 c:/altera/13.0/nios2eds/bin/gnu/h-i686-mingw32/bin/../lib/gcc/nios2-elf/4.1.2/../../../../nios2-elf/lib\libc.a(lib_a-__atexit.o)
                0x0100dbe8                __register_exitproc
 .text          0x0100dd1c      0x1b4 c:/altera/13.0/nios2eds/bin/gnu/h-i686-mingw32/bin/../lib/gcc/nios2-elf/4.1.2/../../../../nios2-elf/lib\libc.a(lib_a-__call_atexit.o)
                0x0100dd20                __call_exitprocs
 .text          0x0100ded0       0x60 ../SBQ_1_bsp/\libhal_bsp.a(alt_exit.o)
                0x0100df10                _exit
 *(.gnu.warning.*)
 *(.fini)
                0x0100df30                PROVIDE (__etext, ABSOLUTE (.))
                0x0100df30                PROVIDE (_etext, ABSOLUTE (.))
                0x0100df30                PROVIDE (etext, ABSOLUTE (.))
 *(.eh_frame_hdr)
                0x0100df30                . = ALIGN (0x4)
                0x0100df30                PROVIDE (__preinit_array_start, ABSOLUTE (.))
 *(.preinit_array)
                0x0100df30                PROVIDE (__preinit_array_end, ABSOLUTE (.))
                0x0100df30                PROVIDE (__init_array_start, ABSOLUTE (.))
 *(.init_array)
                0x0100df30                PROVIDE (__init_array_end, ABSOLUTE (.))
                0x0100df30                PROVIDE (__fini_array_start, ABSOLUTE (.))
 *(.fini_array)
                0x0100df30                PROVIDE (__fini_array_end, ABSOLUTE (.))
 *(.eh_frame)
 *(.gcc_except_table)
 *(.dynamic)
                0x0100df30                PROVIDE (__CTOR_LIST__, ABSOLUTE (.))
 *(.ctors)
 *(SORT(.ctors.*))
 .ctors.65535   0x0100df30        0x4 c:/altera/13.0/nios2eds/bin/gnu/h-i686-mingw32/bin/../lib/gcc/nios2-elf/4.1.2/../../../../nios2-elf/lib\libc.a(lib_a-__call_atexit.o)
                0x0100df34                PROVIDE (__CTOR_END__, ABSOLUTE (.))
                0x0100df34                PROVIDE (__DTOR_LIST__, ABSOLUTE (.))
 *(.dtors)
 *(SORT(.dtors.*))
                0x0100df34                PROVIDE (__DTOR_END__, ABSOLUTE (.))
 *(.jcr)
                0x0100df34                . = ALIGN (0x4)

.rodata         0x0100df34      0x358
                0x0100df34                PROVIDE (__ram_rodata_start, ABSOLUTE (.))
                0x0100df34                . = ALIGN (0x4)
 *(.rodata .rodata.* .gnu.linkonce.r.*)
 .rodata        0x0100df34       0x18 obj/default/hello_world.o
 .rodata.str1.4
                0x0100df4c        0x2 c:/altera/13.0/nios2eds/bin/gnu/h-i686-mingw32/bin/../lib/gcc/nios2-elf/4.1.2/../../../../nios2-elf/lib\libc.a(lib_a-puts.o)
                                  0x4 (size before relaxing)
 *fill*         0x0100df4e        0x2 00
 .rodata.str1.4
                0x0100df50       0x5e c:/altera/13.0/nios2eds/bin/gnu/h-i686-mingw32/bin/../lib/gcc/nios2-elf/4.1.2/../../../../nios2-elf/lib\libc.a(lib_a-vfprintf.o)
                                 0x60 (size before relaxing)
 *fill*         0x0100dfae        0x2 00
 .rodata        0x0100dfb0       0x20 c:/altera/13.0/nios2eds/bin/gnu/h-i686-mingw32/bin/../lib/gcc/nios2-elf/4.1.2/../../../../nios2-elf/lib\libc.a(lib_a-vfprintf.o)
 .rodata.str1.4
                0x0100dfd0       0x10 c:/altera/13.0/nios2eds/bin/gnu/h-i686-mingw32/bin/../lib/gcc/nios2-elf/4.1.2/../../../../nios2-elf/lib\libc.a(lib_a-dtoa.o)
                                 0x14 (size before relaxing)
 .rodata.str1.4
                0x0100dfe0        0x2 c:/altera/13.0/nios2eds/bin/gnu/h-i686-mingw32/bin/../lib/gcc/nios2-elf/4.1.2/../../../../nios2-elf/lib\libc.a(lib_a-impure.o)
                                  0x4 (size before relaxing)
 *fill*         0x0100dfe2        0x2 00
 .rodata.str1.4
                0x0100dfe4       0x10 c:/altera/13.0/nios2eds/bin/gnu/h-i686-mingw32/bin/../lib/gcc/nios2-elf/4.1.2/../../../../nios2-elf/lib\libc.a(lib_a-locale.o)
                                 0x18 (size before relaxing)
 .rodata        0x0100dff4       0x30 c:/altera/13.0/nios2eds/bin/gnu/h-i686-mingw32/bin/../lib/gcc/nios2-elf/4.1.2/../../../../nios2-elf/lib\libc.a(lib_a-locale.o)
 .rodata        0x0100e024      0x124 c:/altera/13.0/nios2eds/bin/gnu/h-i686-mingw32/bin/../lib/gcc/nios2-elf/4.1.2/../../../../nios2-elf/lib\libc.a(lib_a-mprec.o)
                0x0100e024                __mprec_tens
                0x0100e0ec                __mprec_bigtens
                0x0100e114                __mprec_tinytens
 .rodata        0x0100e148       0x14 c:/altera/13.0/nios2eds/bin/gnu/h-i686-mingw32/bin/../lib/gcc/nios2-elf/4.1.2\libgcc.a(_thenan_df.o)
                0x0100e148                __thenan_df
 .rodata        0x0100e15c      0x100 c:/altera/13.0/nios2eds/bin/gnu/h-i686-mingw32/bin/../lib/gcc/nios2-elf/4.1.2\libgcc.a(_clz.o)
                0x0100e15c                __clz_tab
 .rodata        0x0100e25c        0xc ../SBQ_1_bsp/\libhal_bsp.a(alt_dev.o)
 .rodata        0x0100e268        0xc ../SBQ_1_bsp/\libhal_bsp.a(alt_main.o)
 .rodata        0x0100e274       0x18 ../SBQ_1_bsp/\libhal_bsp.a(alt_sys_init.o)
 *(.rodata1)
                0x0100e28c                . = ALIGN (0x4)
                0x0100e28c                PROVIDE (__ram_rodata_end, ABSOLUTE (.))
                0x0100df34                PROVIDE (__flash_rodata_start, LOADADDR (.rodata))

.rwdata         0x0100e28c     0x1fec
                0x0100e28c                PROVIDE (__ram_rwdata_start, ABSOLUTE (.))
                0x0100e28c                . = ALIGN (0x4)
 *(.got.plt)
 *(.got)
 *(.data1)
 *(.data .data.* .gnu.linkonce.d.*)
 .data          0x0100e28c        0x0 ../SBQ_1_bsp//obj/HAL/src/crt0.o
 .data          0x0100e28c      0x4c0 obj/default/hello_world.o
                0x0100e28c                hallo
                0x0100e34c                back_ground
 .data          0x0100e74c        0x0 c:/altera/13.0/nios2eds/bin/gnu/h-i686-mingw32/bin/../lib/gcc/nios2-elf/4.1.2/../../../../nios2-elf/lib\libc.a(lib_a-printf.o)
 .data          0x0100e74c        0x0 c:/altera/13.0/nios2eds/bin/gnu/h-i686-mingw32/bin/../lib/gcc/nios2-elf/4.1.2/../../../../nios2-elf/lib\libc.a(lib_a-puts.o)
 .data          0x0100e74c        0x0 c:/altera/13.0/nios2eds/bin/gnu/h-i686-mingw32/bin/../lib/gcc/nios2-elf/4.1.2/../../../../nios2-elf/lib\libc.a(lib_a-strlen.o)
 .data          0x0100e74c        0x0 c:/altera/13.0/nios2eds/bin/gnu/h-i686-mingw32/bin/../lib/gcc/nios2-elf/4.1.2/../../../../nios2-elf/lib\libc.a(lib_a-vfprintf.o)
 .data          0x0100e74c        0x0 c:/altera/13.0/nios2eds/bin/gnu/h-i686-mingw32/bin/../lib/gcc/nios2-elf/4.1.2/../../../../nios2-elf/lib\libc.a(lib_a-wsetup.o)
 .data          0x0100e74c        0x0 c:/altera/13.0/nios2eds/bin/gnu/h-i686-mingw32/bin/../lib/gcc/nios2-elf/4.1.2/../../../../nios2-elf/lib\libc.a(lib_a-dtoa.o)
 .data          0x0100e74c        0x0 c:/altera/13.0/nios2eds/bin/gnu/h-i686-mingw32/bin/../lib/gcc/nios2-elf/4.1.2/../../../../nios2-elf/lib\libc.a(lib_a-fflush.o)
 .data          0x0100e74c        0x0 c:/altera/13.0/nios2eds/bin/gnu/h-i686-mingw32/bin/../lib/gcc/nios2-elf/4.1.2/../../../../nios2-elf/lib\libc.a(lib_a-findfp.o)
 .data          0x0100e74c        0x0 c:/altera/13.0/nios2eds/bin/gnu/h-i686-mingw32/bin/../lib/gcc/nios2-elf/4.1.2/../../../../nios2-elf/lib\libc.a(lib_a-freer.o)
 .data          0x0100e74c        0x0 c:/altera/13.0/nios2eds/bin/gnu/h-i686-mingw32/bin/../lib/gcc/nios2-elf/4.1.2/../../../../nios2-elf/lib\libc.a(lib_a-fvwrite.o)
 .data          0x0100e74c        0x0 c:/altera/13.0/nios2eds/bin/gnu/h-i686-mingw32/bin/../lib/gcc/nios2-elf/4.1.2/../../../../nios2-elf/lib\libc.a(lib_a-fwalk.o)
 .data          0x0100e74c      0x400 c:/altera/13.0/nios2eds/bin/gnu/h-i686-mingw32/bin/../lib/gcc/nios2-elf/4.1.2/../../../../nios2-elf/lib\libc.a(lib_a-impure.o)
 .data          0x0100eb4c        0xc c:/altera/13.0/nios2eds/bin/gnu/h-i686-mingw32/bin/../lib/gcc/nios2-elf/4.1.2/../../../../nios2-elf/lib\libc.a(lib_a-locale.o)
                0x0100eb4c                __lc_ctype
 .data          0x0100eb58        0x0 c:/altera/13.0/nios2eds/bin/gnu/h-i686-mingw32/bin/../lib/gcc/nios2-elf/4.1.2/../../../../nios2-elf/lib\libc.a(lib_a-makebuf.o)
 .data          0x0100eb58      0x408 c:/altera/13.0/nios2eds/bin/gnu/h-i686-mingw32/bin/../lib/gcc/nios2-elf/4.1.2/../../../../nios2-elf/lib\libc.a(lib_a-mallocr.o)
                0x0100eb58                __malloc_av_
 .data          0x0100ef60        0x0 c:/altera/13.0/nios2eds/bin/gnu/h-i686-mingw32/bin/../lib/gcc/nios2-elf/4.1.2/../../../../nios2-elf/lib\libc.a(lib_a-memchr.o)
 .data          0x0100ef60        0x0 c:/altera/13.0/nios2eds/bin/gnu/h-i686-mingw32/bin/../lib/gcc/nios2-elf/4.1.2/../../../../nios2-elf/lib\libc.a(lib_a-memcpy.o)
 .data          0x0100ef60        0x0 c:/altera/13.0/nios2eds/bin/gnu/h-i686-mingw32/bin/../lib/gcc/nios2-elf/4.1.2/../../../../nios2-elf/lib\libc.a(lib_a-memmove.o)
 .data          0x0100ef60        0x0 c:/altera/13.0/nios2eds/bin/gnu/h-i686-mingw32/bin/../lib/gcc/nios2-elf/4.1.2/../../../../nios2-elf/lib\libc.a(lib_a-memset.o)
 .data          0x0100ef60        0x0 c:/altera/13.0/nios2eds/bin/gnu/h-i686-mingw32/bin/../lib/gcc/nios2-elf/4.1.2/../../../../nios2-elf/lib\libc.a(lib_a-mprec.o)
 .data          0x0100ef60        0x0 c:/altera/13.0/nios2eds/bin/gnu/h-i686-mingw32/bin/../lib/gcc/nios2-elf/4.1.2/../../../../nios2-elf/lib\libc.a(lib_a-reallocr.o)
 .data          0x0100ef60        0x0 c:/altera/13.0/nios2eds/bin/gnu/h-i686-mingw32/bin/../lib/gcc/nios2-elf/4.1.2/../../../../nios2-elf/lib\libc.a(lib_a-s_isinfd.o)
 .data          0x0100ef60        0x0 c:/altera/13.0/nios2eds/bin/gnu/h-i686-mingw32/bin/../lib/gcc/nios2-elf/4.1.2/../../../../nios2-elf/lib\libc.a(lib_a-s_isnand.o)
 .data          0x0100ef60        0x0 c:/altera/13.0/nios2eds/bin/gnu/h-i686-mingw32/bin/../lib/gcc/nios2-elf/4.1.2/../../../../nios2-elf/lib\libc.a(lib_a-sbrkr.o)
 .data          0x0100ef60        0x0 c:/altera/13.0/nios2eds/bin/gnu/h-i686-mingw32/bin/../lib/gcc/nios2-elf/4.1.2/../../../../nios2-elf/lib\libc.a(lib_a-stdio.o)
 .data          0x0100ef60        0x0 c:/altera/13.0/nios2eds/bin/gnu/h-i686-mingw32/bin/../lib/gcc/nios2-elf/4.1.2/../../../../nios2-elf/lib\libc.a(lib_a-strcmp.o)
 .data          0x0100ef60        0x0 c:/altera/13.0/nios2eds/bin/gnu/h-i686-mingw32/bin/../lib/gcc/nios2-elf/4.1.2/../../../../nios2-elf/lib\libc.a(lib_a-writer.o)
 .data          0x0100ef60        0x0 c:/altera/13.0/nios2eds/bin/gnu/h-i686-mingw32/bin/../lib/gcc/nios2-elf/4.1.2/../../../../nios2-elf/lib\libc.a(lib_a-callocr.o)
 .data          0x0100ef60        0x0 c:/altera/13.0/nios2eds/bin/gnu/h-i686-mingw32/bin/../lib/gcc/nios2-elf/4.1.2/../../../../nios2-elf/lib\libc.a(lib_a-closer.o)
 .data          0x0100ef60        0x0 c:/altera/13.0/nios2eds/bin/gnu/h-i686-mingw32/bin/../lib/gcc/nios2-elf/4.1.2/../../../../nios2-elf/lib\libc.a(lib_a-fclose.o)
 .data          0x0100ef60        0x0 c:/altera/13.0/nios2eds/bin/gnu/h-i686-mingw32/bin/../lib/gcc/nios2-elf/4.1.2/../../../../nios2-elf/lib\libc.a(lib_a-fstatr.o)
 .data          0x0100ef60        0x0 c:/altera/13.0/nios2eds/bin/gnu/h-i686-mingw32/bin/../lib/gcc/nios2-elf/4.1.2/../../../../nios2-elf/lib\libc.a(lib_a-int_errno.o)
 .data          0x0100ef60        0x0 c:/altera/13.0/nios2eds/bin/gnu/h-i686-mingw32/bin/../lib/gcc/nios2-elf/4.1.2/../../../../nios2-elf/lib\libc.a(lib_a-isattyr.o)
 .data          0x0100ef60        0x0 c:/altera/13.0/nios2eds/bin/gnu/h-i686-mingw32/bin/../lib/gcc/nios2-elf/4.1.2/../../../../nios2-elf/lib\libc.a(lib_a-lseekr.o)
 .data          0x0100ef60        0x0 c:/altera/13.0/nios2eds/bin/gnu/h-i686-mingw32/bin/../lib/gcc/nios2-elf/4.1.2/../../../../nios2-elf/lib\libc.a(lib_a-readr.o)
 .data          0x0100ef60        0x0 c:/altera/13.0/nios2eds/bin/gnu/h-i686-mingw32/bin/../lib/gcc/nios2-elf/4.1.2\libgcc.a(_udivdi3.o)
 .data          0x0100ef60        0x0 c:/altera/13.0/nios2eds/bin/gnu/h-i686-mingw32/bin/../lib/gcc/nios2-elf/4.1.2\libgcc.a(_umoddi3.o)
 .data          0x0100ef60        0x0 c:/altera/13.0/nios2eds/bin/gnu/h-i686-mingw32/bin/../lib/gcc/nios2-elf/4.1.2\libgcc.a(_addsub_df.o)
 .data          0x0100ef60        0x0 c:/altera/13.0/nios2eds/bin/gnu/h-i686-mingw32/bin/../lib/gcc/nios2-elf/4.1.2\libgcc.a(_mul_df.o)
 .data          0x0100ef60        0x0 c:/altera/13.0/nios2eds/bin/gnu/h-i686-mingw32/bin/../lib/gcc/nios2-elf/4.1.2\libgcc.a(_div_df.o)
 .data          0x0100ef60        0x0 c:/altera/13.0/nios2eds/bin/gnu/h-i686-mingw32/bin/../lib/gcc/nios2-elf/4.1.2\libgcc.a(_eq_df.o)
 .data          0x0100ef60        0x0 c:/altera/13.0/nios2eds/bin/gnu/h-i686-mingw32/bin/../lib/gcc/nios2-elf/4.1.2\libgcc.a(_ne_df.o)
 .data          0x0100ef60        0x0 c:/altera/13.0/nios2eds/bin/gnu/h-i686-mingw32/bin/../lib/gcc/nios2-elf/4.1.2\libgcc.a(_gt_df.o)
 .data          0x0100ef60        0x0 c:/altera/13.0/nios2eds/bin/gnu/h-i686-mingw32/bin/../lib/gcc/nios2-elf/4.1.2\libgcc.a(_ge_df.o)
 .data          0x0100ef60        0x0 c:/altera/13.0/nios2eds/bin/gnu/h-i686-mingw32/bin/../lib/gcc/nios2-elf/4.1.2\libgcc.a(_lt_df.o)
 .data          0x0100ef60        0x0 c:/altera/13.0/nios2eds/bin/gnu/h-i686-mingw32/bin/../lib/gcc/nios2-elf/4.1.2\libgcc.a(_si_to_df.o)
 .data          0x0100ef60        0x0 c:/altera/13.0/nios2eds/bin/gnu/h-i686-mingw32/bin/../lib/gcc/nios2-elf/4.1.2\libgcc.a(_df_to_si.o)
 .data          0x0100ef60        0x0 c:/altera/13.0/nios2eds/bin/gnu/h-i686-mingw32/bin/../lib/gcc/nios2-elf/4.1.2\libgcc.a(_thenan_df.o)
 .data          0x0100ef60        0x0 c:/altera/13.0/nios2eds/bin/gnu/h-i686-mingw32/bin/../lib/gcc/nios2-elf/4.1.2\libgcc.a(_usi_to_df.o)
 .data          0x0100ef60        0x0 c:/altera/13.0/nios2eds/bin/gnu/h-i686-mingw32/bin/../lib/gcc/nios2-elf/4.1.2\libgcc.a(lib2-divmod.o)
 .data          0x0100ef60        0x0 c:/altera/13.0/nios2eds/bin/gnu/h-i686-mingw32/bin/../lib/gcc/nios2-elf/4.1.2\libgcc.a(_muldi3.o)
 .data          0x0100ef60        0x0 c:/altera/13.0/nios2eds/bin/gnu/h-i686-mingw32/bin/../lib/gcc/nios2-elf/4.1.2\libgcc.a(_clz.o)
 .data          0x0100ef60        0x0 c:/altera/13.0/nios2eds/bin/gnu/h-i686-mingw32/bin/../lib/gcc/nios2-elf/4.1.2\libgcc.a(_clzsi2.o)
 .data          0x0100ef60        0x0 c:/altera/13.0/nios2eds/bin/gnu/h-i686-mingw32/bin/../lib/gcc/nios2-elf/4.1.2\libgcc.a(_pack_df.o)
 .data          0x0100ef60        0x0 c:/altera/13.0/nios2eds/bin/gnu/h-i686-mingw32/bin/../lib/gcc/nios2-elf/4.1.2\libgcc.a(_unpack_df.o)
 .data          0x0100ef60        0x0 c:/altera/13.0/nios2eds/bin/gnu/h-i686-mingw32/bin/../lib/gcc/nios2-elf/4.1.2\libgcc.a(_fpcmp_parts_df.o)
 .data          0x0100ef60        0x0 ../SBQ_1_bsp/\libhal_bsp.a(alt_close.o)
 .data          0x0100ef60      0x1a8 ../SBQ_1_bsp/\libhal_bsp.a(alt_dev.o)
                0x0100ef60                alt_dev_null
                0x0100ef88                alt_fd_list
 .data          0x0100f108        0x0 ../SBQ_1_bsp/\libhal_bsp.a(alt_errno.o)
 .data          0x0100f108        0x0 ../SBQ_1_bsp/\libhal_bsp.a(alt_fstat.o)
 .data          0x0100f108        0x0 ../SBQ_1_bsp/\libhal_bsp.a(alt_isatty.o)
 .data          0x0100f108        0x0 ../SBQ_1_bsp/\libhal_bsp.a(alt_lseek.o)
 .data          0x0100f108        0x0 ../SBQ_1_bsp/\libhal_bsp.a(alt_main.o)
 .data          0x0100f108        0x0 ../SBQ_1_bsp/\libhal_bsp.a(alt_malloc_lock.o)
 .data          0x0100f108        0x0 ../SBQ_1_bsp/\libhal_bsp.a(alt_read.o)
 .data          0x0100f108        0x0 ../SBQ_1_bsp/\libhal_bsp.a(alt_release_fd.o)
 .data          0x0100f108        0x0 ../SBQ_1_bsp/\libhal_bsp.a(alt_sbrk.o)
 .data          0x0100f108        0x0 ../SBQ_1_bsp/\libhal_bsp.a(alt_usleep.o)
 .data          0x0100f108        0x0 ../SBQ_1_bsp/\libhal_bsp.a(alt_write.o)
 .data          0x0100f108     0x1128 ../SBQ_1_bsp/\libhal_bsp.a(alt_sys_init.o)
 .data          0x01010230        0x0 ../SBQ_1_bsp/\libhal_bsp.a(altera_avalon_epcs_flash_controller.o)
 .data          0x01010230        0x0 ../SBQ_1_bsp/\libhal_bsp.a(altera_avalon_jtag_uart_fd.o)
 .data          0x01010230        0x0 ../SBQ_1_bsp/\libhal_bsp.a(altera_avalon_jtag_uart_init.o)
 .data          0x01010230        0x0 ../SBQ_1_bsp/\libhal_bsp.a(altera_avalon_jtag_uart_ioctl.o)
 .data          0x01010230        0x0 ../SBQ_1_bsp/\libhal_bsp.a(altera_avalon_jtag_uart_read.o)
 .data          0x01010230        0x0 ../SBQ_1_bsp/\libhal_bsp.a(altera_avalon_jtag_uart_write.o)
 .data          0x01010230        0x0 ../SBQ_1_bsp/\libhal_bsp.a(altera_avalon_timer_sc.o)
 .data          0x01010230        0x0 ../SBQ_1_bsp/\libhal_bsp.a(epcs_commands.o)
 .data          0x01010230        0x0 ../SBQ_1_bsp/\libhal_bsp.a(alt_alarm_start.o)
 .data          0x01010230        0x0 ../SBQ_1_bsp/\libhal_bsp.a(alt_busy_sleep.o)
 .data          0x01010230        0x0 ../SBQ_1_bsp/\libhal_bsp.a(alt_dev_llist_insert.o)
 .data          0x01010230        0x0 ../SBQ_1_bsp/\libhal_bsp.a(alt_do_ctors.o)
 .data          0x01010230        0x0 ../SBQ_1_bsp/\libhal_bsp.a(alt_do_dtors.o)
 .data          0x01010230        0x0 ../SBQ_1_bsp/\libhal_bsp.a(alt_flash_dev.o)
 .data          0x01010230        0x0 ../SBQ_1_bsp/\libhal_bsp.a(alt_iic.o)
 .data          0x01010230        0x0 ../SBQ_1_bsp/\libhal_bsp.a(alt_iic_isr_register.o)
 .data          0x01010230        0x0 ../SBQ_1_bsp/\libhal_bsp.a(alt_io_redirect.o)
 .data          0x01010230        0x0 ../SBQ_1_bsp/\libhal_bsp.a(alt_irq_entry.o)
 .data          0x01010230        0x0 ../SBQ_1_bsp/\libhal_bsp.a(alt_irq_handler.o)
 .data          0x01010230        0x0 ../SBQ_1_bsp/\libhal_bsp.a(alt_irq_vars.o)
 .data          0x01010230        0x0 ../SBQ_1_bsp/\libhal_bsp.a(alt_open.o)
 .data          0x01010230        0x0 ../SBQ_1_bsp/\libhal_bsp.a(alt_tick.o)
 .data          0x01010230        0x0 ../SBQ_1_bsp/\libhal_bsp.a(altera_nios2_qsys_irq.o)
 .data          0x01010230        0x0 ../SBQ_1_bsp/\libhal_bsp.a(altera_avalon_spi.o)
 .data          0x01010230        0x0 ../SBQ_1_bsp/\libhal_bsp.a(alt_exception_entry.o)
 .data          0x01010230        0x0 ../SBQ_1_bsp/\libhal_bsp.a(alt_find_dev.o)
 .data          0x01010230        0x0 ../SBQ_1_bsp/\libhal_bsp.a(alt_find_file.o)
 .data          0x01010230        0x0 ../SBQ_1_bsp/\libhal_bsp.a(alt_get_fd.o)
 .data          0x01010230        0x0 c:/altera/13.0/nios2eds/bin/gnu/h-i686-mingw32/bin/../lib/gcc/nios2-elf/4.1.2/../../../../nios2-elf/lib\libc.a(lib_a-atexit.o)
 .data          0x01010230        0x0 c:/altera/13.0/nios2eds/bin/gnu/h-i686-mingw32/bin/../lib/gcc/nios2-elf/4.1.2/../../../../nios2-elf/lib\libc.a(lib_a-exit.o)
 .data          0x01010230        0x0 c:/altera/13.0/nios2eds/bin/gnu/h-i686-mingw32/bin/../lib/gcc/nios2-elf/4.1.2/../../../../nios2-elf/lib\libc.a(lib_a-memcmp.o)
 .data          0x01010230        0x0 c:/altera/13.0/nios2eds/bin/gnu/h-i686-mingw32/bin/../lib/gcc/nios2-elf/4.1.2/../../../../nios2-elf/lib\libc.a(lib_a-__atexit.o)
 .data          0x01010230        0x0 c:/altera/13.0/nios2eds/bin/gnu/h-i686-mingw32/bin/../lib/gcc/nios2-elf/4.1.2/../../../../nios2-elf/lib\libc.a(lib_a-__call_atexit.o)
 .data          0x01010230        0x0 ../SBQ_1_bsp/\libhal_bsp.a(alt_exit.o)
                0x01018230                _gp = ABSOLUTE ((. + 0x8000))
                0x01018230                PROVIDE (gp, _gp)
 *(.rwdata .rwdata.*)
 *(.sdata .sdata.* .gnu.linkonce.s.*)
 .sdata         0x01010230        0x8 c:/altera/13.0/nios2eds/bin/gnu/h-i686-mingw32/bin/../lib/gcc/nios2-elf/4.1.2/../../../../nios2-elf/lib\libc.a(lib_a-impure.o)
                0x01010230                _impure_ptr
                0x01010234                _global_impure_ptr
 .sdata         0x01010238        0x8 c:/altera/13.0/nios2eds/bin/gnu/h-i686-mingw32/bin/../lib/gcc/nios2-elf/4.1.2/../../../../nios2-elf/lib\libc.a(lib_a-locale.o)
                0x01010238                __mb_cur_max
 .sdata         0x01010240        0x8 c:/altera/13.0/nios2eds/bin/gnu/h-i686-mingw32/bin/../lib/gcc/nios2-elf/4.1.2/../../../../nios2-elf/lib\libc.a(lib_a-mallocr.o)
                0x01010240                __malloc_trim_threshold
                0x01010244                __malloc_sbrk_base
 .sdata         0x01010248       0x14 ../SBQ_1_bsp/\libhal_bsp.a(alt_dev.o)
                0x01010248                alt_fs_list
                0x01010250                alt_dev_list
                0x01010258                alt_max_fd
 .sdata         0x0101025c        0x4 ../SBQ_1_bsp/\libhal_bsp.a(alt_errno.o)
                0x0101025c                alt_errno
 .sdata         0x01010260        0x4 ../SBQ_1_bsp/\libhal_bsp.a(alt_sbrk.o)
 .sdata         0x01010264        0x8 ../SBQ_1_bsp/\libhal_bsp.a(alt_flash_dev.o)
                0x01010264                alt_flash_dev_list
 .sdata         0x0101026c        0x4 ../SBQ_1_bsp/\libhal_bsp.a(alt_irq_vars.o)
                0x0101026c                alt_priority_mask
 .sdata         0x01010270        0x8 ../SBQ_1_bsp/\libhal_bsp.a(alt_tick.o)
                0x01010270                alt_alarm_list
 *(.sdata2 .sdata2.* .gnu.linkonce.s2.*)
                0x01010278                . = ALIGN (0x4)
                0x01010278                _edata = ABSOLUTE (.)
                0x01010278                PROVIDE (edata, ABSOLUTE (.))
                0x01010278                PROVIDE (__ram_rwdata_end, ABSOLUTE (.))
                0x0100e28c                PROVIDE (__flash_rwdata_start, LOADADDR (.rwdata))

.bss            0x01010278      0x2ec
                0x01010278                __bss_start = ABSOLUTE (.)
                0x01010278                PROVIDE (__sbss_start, ABSOLUTE (.))
                0x01010278                PROVIDE (___sbss_start, ABSOLUTE (.))
 *(.dynsbss)
 *(.sbss .sbss.* .gnu.linkonce.sb.*)
 .sbss          0x01010278        0xc c:/altera/13.0/nios2eds/bin/gnu/h-i686-mingw32/bin/../lib/gcc/nios2-elf/4.1.2/../../../../nios2-elf/lib\libc.a(lib_a-locale.o)
                0x01010278                __nlocale_changed
                0x0101027c                __mlocale_changed
                0x01010280                _PathLocale
 .sbss          0x01010284        0xc c:/altera/13.0/nios2eds/bin/gnu/h-i686-mingw32/bin/../lib/gcc/nios2-elf/4.1.2/../../../../nios2-elf/lib\libc.a(lib_a-mallocr.o)
                0x01010284                __malloc_top_pad
                0x01010288                __malloc_max_sbrked_mem
                0x0101028c                __malloc_max_total_mem
 .sbss          0x01010290        0x4 c:/altera/13.0/nios2eds/bin/gnu/h-i686-mingw32/bin/../lib/gcc/nios2-elf/4.1.2/../../../../nios2-elf/lib\libc.a(lib_a-int_errno.o)
                0x01010290                errno
 .sbss          0x01010294        0xc ../SBQ_1_bsp/\libhal_bsp.a(alt_main.o)
                0x01010294                alt_argc
                0x01010298                alt_argv
                0x0101029c                alt_envp
 .sbss          0x010102a0        0x4 ../SBQ_1_bsp/\libhal_bsp.a(alt_irq_vars.o)
                0x010102a0                alt_irq_active
 .sbss          0x010102a4        0x8 ../SBQ_1_bsp/\libhal_bsp.a(alt_tick.o)
                0x010102a4                _alt_tick_rate
                0x010102a8                _alt_nticks
 *(.sbss2 .sbss2.* .gnu.linkonce.sb2.*)
 *(.scommon)
                0x010102ac                PROVIDE (__sbss_end, ABSOLUTE (.))
                0x010102ac                PROVIDE (___sbss_end, ABSOLUTE (.))
 *(.dynbss)
 *(.bss .bss.* .gnu.linkonce.b.*)
 .bss           0x010102ac        0x0 ../SBQ_1_bsp//obj/HAL/src/crt0.o
 .bss           0x010102ac        0x0 obj/default/hello_world.o
 .bss           0x010102ac        0x0 c:/altera/13.0/nios2eds/bin/gnu/h-i686-mingw32/bin/../lib/gcc/nios2-elf/4.1.2/../../../../nios2-elf/lib\libc.a(lib_a-printf.o)
 .bss           0x010102ac        0x0 c:/altera/13.0/nios2eds/bin/gnu/h-i686-mingw32/bin/../lib/gcc/nios2-elf/4.1.2/../../../../nios2-elf/lib\libc.a(lib_a-puts.o)
 .bss           0x010102ac        0x0 c:/altera/13.0/nios2eds/bin/gnu/h-i686-mingw32/bin/../lib/gcc/nios2-elf/4.1.2/../../../../nios2-elf/lib\libc.a(lib_a-strlen.o)
 .bss           0x010102ac        0x0 c:/altera/13.0/nios2eds/bin/gnu/h-i686-mingw32/bin/../lib/gcc/nios2-elf/4.1.2/../../../../nios2-elf/lib\libc.a(lib_a-vfprintf.o)
 .bss           0x010102ac        0x0 c:/altera/13.0/nios2eds/bin/gnu/h-i686-mingw32/bin/../lib/gcc/nios2-elf/4.1.2/../../../../nios2-elf/lib\libc.a(lib_a-wsetup.o)
 .bss           0x010102ac        0x0 c:/altera/13.0/nios2eds/bin/gnu/h-i686-mingw32/bin/../lib/gcc/nios2-elf/4.1.2/../../../../nios2-elf/lib\libc.a(lib_a-dtoa.o)
 .bss           0x010102ac        0x0 c:/altera/13.0/nios2eds/bin/gnu/h-i686-mingw32/bin/../lib/gcc/nios2-elf/4.1.2/../../../../nios2-elf/lib\libc.a(lib_a-fflush.o)
 .bss           0x010102ac        0x0 c:/altera/13.0/nios2eds/bin/gnu/h-i686-mingw32/bin/../lib/gcc/nios2-elf/4.1.2/../../../../nios2-elf/lib\libc.a(lib_a-findfp.o)
 .bss           0x010102ac        0x0 c:/altera/13.0/nios2eds/bin/gnu/h-i686-mingw32/bin/../lib/gcc/nios2-elf/4.1.2/../../../../nios2-elf/lib\libc.a(lib_a-freer.o)
 .bss           0x010102ac        0x0 c:/altera/13.0/nios2eds/bin/gnu/h-i686-mingw32/bin/../lib/gcc/nios2-elf/4.1.2/../../../../nios2-elf/lib\libc.a(lib_a-fvwrite.o)
 .bss           0x010102ac        0x0 c:/altera/13.0/nios2eds/bin/gnu/h-i686-mingw32/bin/../lib/gcc/nios2-elf/4.1.2/../../../../nios2-elf/lib\libc.a(lib_a-fwalk.o)
 .bss           0x010102ac        0x0 c:/altera/13.0/nios2eds/bin/gnu/h-i686-mingw32/bin/../lib/gcc/nios2-elf/4.1.2/../../../../nios2-elf/lib\libc.a(lib_a-impure.o)
 .bss           0x010102ac        0x0 c:/altera/13.0/nios2eds/bin/gnu/h-i686-mingw32/bin/../lib/gcc/nios2-elf/4.1.2/../../../../nios2-elf/lib\libc.a(lib_a-locale.o)
 .bss           0x010102ac        0x0 c:/altera/13.0/nios2eds/bin/gnu/h-i686-mingw32/bin/../lib/gcc/nios2-elf/4.1.2/../../../../nios2-elf/lib\libc.a(lib_a-makebuf.o)
 .bss           0x010102ac       0x28 c:/altera/13.0/nios2eds/bin/gnu/h-i686-mingw32/bin/../lib/gcc/nios2-elf/4.1.2/../../../../nios2-elf/lib\libc.a(lib_a-mallocr.o)
                0x010102ac                __malloc_current_mallinfo
 .bss           0x010102d4        0x0 c:/altera/13.0/nios2eds/bin/gnu/h-i686-mingw32/bin/../lib/gcc/nios2-elf/4.1.2/../../../../nios2-elf/lib\libc.a(lib_a-memchr.o)
 .bss           0x010102d4        0x0 c:/altera/13.0/nios2eds/bin/gnu/h-i686-mingw32/bin/../lib/gcc/nios2-elf/4.1.2/../../../../nios2-elf/lib\libc.a(lib_a-memcpy.o)
 .bss           0x010102d4        0x0 c:/altera/13.0/nios2eds/bin/gnu/h-i686-mingw32/bin/../lib/gcc/nios2-elf/4.1.2/../../../../nios2-elf/lib\libc.a(lib_a-memmove.o)
 .bss           0x010102d4        0x0 c:/altera/13.0/nios2eds/bin/gnu/h-i686-mingw32/bin/../lib/gcc/nios2-elf/4.1.2/../../../../nios2-elf/lib\libc.a(lib_a-memset.o)
 .bss           0x010102d4        0x0 c:/altera/13.0/nios2eds/bin/gnu/h-i686-mingw32/bin/../lib/gcc/nios2-elf/4.1.2/../../../../nios2-elf/lib\libc.a(lib_a-mprec.o)
 .bss           0x010102d4        0x0 c:/altera/13.0/nios2eds/bin/gnu/h-i686-mingw32/bin/../lib/gcc/nios2-elf/4.1.2/../../../../nios2-elf/lib\libc.a(lib_a-reallocr.o)
 .bss           0x010102d4        0x0 c:/altera/13.0/nios2eds/bin/gnu/h-i686-mingw32/bin/../lib/gcc/nios2-elf/4.1.2/../../../../nios2-elf/lib\libc.a(lib_a-s_isinfd.o)
 .bss           0x010102d4        0x0 c:/altera/13.0/nios2eds/bin/gnu/h-i686-mingw32/bin/../lib/gcc/nios2-elf/4.1.2/../../../../nios2-elf/lib\libc.a(lib_a-s_isnand.o)
 .bss           0x010102d4        0x0 c:/altera/13.0/nios2eds/bin/gnu/h-i686-mingw32/bin/../lib/gcc/nios2-elf/4.1.2/../../../../nios2-elf/lib\libc.a(lib_a-sbrkr.o)
 .bss           0x010102d4        0x0 c:/altera/13.0/nios2eds/bin/gnu/h-i686-mingw32/bin/../lib/gcc/nios2-elf/4.1.2/../../../../nios2-elf/lib\libc.a(lib_a-stdio.o)
 .bss           0x010102d4        0x0 c:/altera/13.0/nios2eds/bin/gnu/h-i686-mingw32/bin/../lib/gcc/nios2-elf/4.1.2/../../../../nios2-elf/lib\libc.a(lib_a-strcmp.o)
 .bss           0x010102d4        0x0 c:/altera/13.0/nios2eds/bin/gnu/h-i686-mingw32/bin/../lib/gcc/nios2-elf/4.1.2/../../../../nios2-elf/lib\libc.a(lib_a-writer.o)
 .bss           0x010102d4        0x0 c:/altera/13.0/nios2eds/bin/gnu/h-i686-mingw32/bin/../lib/gcc/nios2-elf/4.1.2/../../../../nios2-elf/lib\libc.a(lib_a-callocr.o)
 .bss           0x010102d4        0x0 c:/altera/13.0/nios2eds/bin/gnu/h-i686-mingw32/bin/../lib/gcc/nios2-elf/4.1.2/../../../../nios2-elf/lib\libc.a(lib_a-closer.o)
 .bss           0x010102d4        0x0 c:/altera/13.0/nios2eds/bin/gnu/h-i686-mingw32/bin/../lib/gcc/nios2-elf/4.1.2/../../../../nios2-elf/lib\libc.a(lib_a-fclose.o)
 .bss           0x010102d4        0x0 c:/altera/13.0/nios2eds/bin/gnu/h-i686-mingw32/bin/../lib/gcc/nios2-elf/4.1.2/../../../../nios2-elf/lib\libc.a(lib_a-fstatr.o)
 .bss           0x010102d4        0x0 c:/altera/13.0/nios2eds/bin/gnu/h-i686-mingw32/bin/../lib/gcc/nios2-elf/4.1.2/../../../../nios2-elf/lib\libc.a(lib_a-int_errno.o)
 .bss           0x010102d4        0x0 c:/altera/13.0/nios2eds/bin/gnu/h-i686-mingw32/bin/../lib/gcc/nios2-elf/4.1.2/../../../../nios2-elf/lib\libc.a(lib_a-isattyr.o)
 .bss           0x010102d4        0x0 c:/altera/13.0/nios2eds/bin/gnu/h-i686-mingw32/bin/../lib/gcc/nios2-elf/4.1.2/../../../../nios2-elf/lib\libc.a(lib_a-lseekr.o)
 .bss           0x010102d4        0x0 c:/altera/13.0/nios2eds/bin/gnu/h-i686-mingw32/bin/../lib/gcc/nios2-elf/4.1.2/../../../../nios2-elf/lib\libc.a(lib_a-readr.o)
 .bss           0x010102d4        0x0 c:/altera/13.0/nios2eds/bin/gnu/h-i686-mingw32/bin/../lib/gcc/nios2-elf/4.1.2\libgcc.a(_udivdi3.o)
 .bss           0x010102d4        0x0 c:/altera/13.0/nios2eds/bin/gnu/h-i686-mingw32/bin/../lib/gcc/nios2-elf/4.1.2\libgcc.a(_umoddi3.o)
 .bss           0x010102d4        0x0 c:/altera/13.0/nios2eds/bin/gnu/h-i686-mingw32/bin/../lib/gcc/nios2-elf/4.1.2\libgcc.a(_addsub_df.o)
 .bss           0x010102d4        0x0 c:/altera/13.0/nios2eds/bin/gnu/h-i686-mingw32/bin/../lib/gcc/nios2-elf/4.1.2\libgcc.a(_mul_df.o)
 .bss           0x010102d4        0x0 c:/altera/13.0/nios2eds/bin/gnu/h-i686-mingw32/bin/../lib/gcc/nios2-elf/4.1.2\libgcc.a(_div_df.o)
 .bss           0x010102d4        0x0 c:/altera/13.0/nios2eds/bin/gnu/h-i686-mingw32/bin/../lib/gcc/nios2-elf/4.1.2\libgcc.a(_eq_df.o)
 .bss           0x010102d4        0x0 c:/altera/13.0/nios2eds/bin/gnu/h-i686-mingw32/bin/../lib/gcc/nios2-elf/4.1.2\libgcc.a(_ne_df.o)
 .bss           0x010102d4        0x0 c:/altera/13.0/nios2eds/bin/gnu/h-i686-mingw32/bin/../lib/gcc/nios2-elf/4.1.2\libgcc.a(_gt_df.o)
 .bss           0x010102d4        0x0 c:/altera/13.0/nios2eds/bin/gnu/h-i686-mingw32/bin/../lib/gcc/nios2-elf/4.1.2\libgcc.a(_ge_df.o)
 .bss           0x010102d4        0x0 c:/altera/13.0/nios2eds/bin/gnu/h-i686-mingw32/bin/../lib/gcc/nios2-elf/4.1.2\libgcc.a(_lt_df.o)
 .bss           0x010102d4        0x0 c:/altera/13.0/nios2eds/bin/gnu/h-i686-mingw32/bin/../lib/gcc/nios2-elf/4.1.2\libgcc.a(_si_to_df.o)
 .bss           0x010102d4        0x0 c:/altera/13.0/nios2eds/bin/gnu/h-i686-mingw32/bin/../lib/gcc/nios2-elf/4.1.2\libgcc.a(_df_to_si.o)
 .bss           0x010102d4        0x0 c:/altera/13.0/nios2eds/bin/gnu/h-i686-mingw32/bin/../lib/gcc/nios2-elf/4.1.2\libgcc.a(_thenan_df.o)
 .bss           0x010102d4        0x0 c:/altera/13.0/nios2eds/bin/gnu/h-i686-mingw32/bin/../lib/gcc/nios2-elf/4.1.2\libgcc.a(_usi_to_df.o)
 .bss           0x010102d4        0x0 c:/altera/13.0/nios2eds/bin/gnu/h-i686-mingw32/bin/../lib/gcc/nios2-elf/4.1.2\libgcc.a(lib2-divmod.o)
 .bss           0x010102d4        0x0 c:/altera/13.0/nios2eds/bin/gnu/h-i686-mingw32/bin/../lib/gcc/nios2-elf/4.1.2\libgcc.a(_muldi3.o)
 .bss           0x010102d4        0x0 c:/altera/13.0/nios2eds/bin/gnu/h-i686-mingw32/bin/../lib/gcc/nios2-elf/4.1.2\libgcc.a(_clz.o)
 .bss           0x010102d4        0x0 c:/altera/13.0/nios2eds/bin/gnu/h-i686-mingw32/bin/../lib/gcc/nios2-elf/4.1.2\libgcc.a(_clzsi2.o)
 .bss           0x010102d4        0x0 c:/altera/13.0/nios2eds/bin/gnu/h-i686-mingw32/bin/../lib/gcc/nios2-elf/4.1.2\libgcc.a(_pack_df.o)
 .bss           0x010102d4        0x0 c:/altera/13.0/nios2eds/bin/gnu/h-i686-mingw32/bin/../lib/gcc/nios2-elf/4.1.2\libgcc.a(_unpack_df.o)
 .bss           0x010102d4        0x0 c:/altera/13.0/nios2eds/bin/gnu/h-i686-mingw32/bin/../lib/gcc/nios2-elf/4.1.2\libgcc.a(_fpcmp_parts_df.o)
 .bss           0x010102d4        0x0 ../SBQ_1_bsp/\libhal_bsp.a(alt_close.o)
 .bss           0x010102d4        0x0 ../SBQ_1_bsp/\libhal_bsp.a(alt_dev.o)
 .bss           0x010102d4        0x0 ../SBQ_1_bsp/\libhal_bsp.a(alt_errno.o)
 .bss           0x010102d4        0x0 ../SBQ_1_bsp/\libhal_bsp.a(alt_fstat.o)
 .bss           0x010102d4        0x0 ../SBQ_1_bsp/\libhal_bsp.a(alt_isatty.o)
 .bss           0x010102d4        0x0 ../SBQ_1_bsp/\libhal_bsp.a(alt_lseek.o)
 .bss           0x010102d4        0x0 ../SBQ_1_bsp/\libhal_bsp.a(alt_main.o)
 .bss           0x010102d4        0x0 ../SBQ_1_bsp/\libhal_bsp.a(alt_malloc_lock.o)
 .bss           0x010102d4        0x0 ../SBQ_1_bsp/\libhal_bsp.a(alt_read.o)
 .bss           0x010102d4        0x0 ../SBQ_1_bsp/\libhal_bsp.a(alt_release_fd.o)
 .bss           0x010102d4        0x0 ../SBQ_1_bsp/\libhal_bsp.a(alt_sbrk.o)
 .bss           0x010102d4        0x0 ../SBQ_1_bsp/\libhal_bsp.a(alt_usleep.o)
 .bss           0x010102d4        0x0 ../SBQ_1_bsp/\libhal_bsp.a(alt_write.o)
 .bss           0x010102d4        0x0 ../SBQ_1_bsp/\libhal_bsp.a(alt_sys_init.o)
 .bss           0x010102d4        0x0 ../SBQ_1_bsp/\libhal_bsp.a(altera_avalon_epcs_flash_controller.o)
 .bss           0x010102d4        0x0 ../SBQ_1_bsp/\libhal_bsp.a(altera_avalon_jtag_uart_fd.o)
 .bss           0x010102d4        0x0 ../SBQ_1_bsp/\libhal_bsp.a(altera_avalon_jtag_uart_init.o)
 .bss           0x010102d4        0x0 ../SBQ_1_bsp/\libhal_bsp.a(altera_avalon_jtag_uart_ioctl.o)
 .bss           0x010102d4        0x0 ../SBQ_1_bsp/\libhal_bsp.a(altera_avalon_jtag_uart_read.o)
 .bss           0x010102d4        0x0 ../SBQ_1_bsp/\libhal_bsp.a(altera_avalon_jtag_uart_write.o)
 .bss           0x010102d4        0x0 ../SBQ_1_bsp/\libhal_bsp.a(altera_avalon_timer_sc.o)
 .bss           0x010102d4        0x0 ../SBQ_1_bsp/\libhal_bsp.a(epcs_commands.o)
 .bss           0x010102d4        0x0 ../SBQ_1_bsp/\libhal_bsp.a(alt_alarm_start.o)
 .bss           0x010102d4        0x0 ../SBQ_1_bsp/\libhal_bsp.a(alt_busy_sleep.o)
 .bss           0x010102d4        0x0 ../SBQ_1_bsp/\libhal_bsp.a(alt_dev_llist_insert.o)
 .bss           0x010102d4        0x0 ../SBQ_1_bsp/\libhal_bsp.a(alt_do_ctors.o)
 .bss           0x010102d4        0x0 ../SBQ_1_bsp/\libhal_bsp.a(alt_do_dtors.o)
 .bss           0x010102d4        0x0 ../SBQ_1_bsp/\libhal_bsp.a(alt_flash_dev.o)
 .bss           0x010102d4        0x0 ../SBQ_1_bsp/\libhal_bsp.a(alt_iic.o)
 .bss           0x010102d4        0x0 ../SBQ_1_bsp/\libhal_bsp.a(alt_iic_isr_register.o)
 .bss           0x010102d4        0x0 ../SBQ_1_bsp/\libhal_bsp.a(alt_io_redirect.o)
 .bss           0x010102d4        0x0 ../SBQ_1_bsp/\libhal_bsp.a(alt_irq_entry.o)
 .bss           0x010102d4        0x0 ../SBQ_1_bsp/\libhal_bsp.a(alt_irq_handler.o)
 .bss           0x010102d4        0x0 ../SBQ_1_bsp/\libhal_bsp.a(alt_irq_vars.o)
 .bss           0x010102d4        0x0 ../SBQ_1_bsp/\libhal_bsp.a(alt_open.o)
 .bss           0x010102d4        0x0 ../SBQ_1_bsp/\libhal_bsp.a(alt_tick.o)
 .bss           0x010102d4        0x0 ../SBQ_1_bsp/\libhal_bsp.a(altera_nios2_qsys_irq.o)
 .bss           0x010102d4        0x0 ../SBQ_1_bsp/\libhal_bsp.a(altera_avalon_spi.o)
 .bss           0x010102d4        0x0 ../SBQ_1_bsp/\libhal_bsp.a(alt_exception_entry.o)
 .bss           0x010102d4        0x0 ../SBQ_1_bsp/\libhal_bsp.a(alt_find_dev.o)
 .bss           0x010102d4        0x0 ../SBQ_1_bsp/\libhal_bsp.a(alt_find_file.o)
 .bss           0x010102d4        0x0 ../SBQ_1_bsp/\libhal_bsp.a(alt_get_fd.o)
 .bss           0x010102d4        0x0 c:/altera/13.0/nios2eds/bin/gnu/h-i686-mingw32/bin/../lib/gcc/nios2-elf/4.1.2/../../../../nios2-elf/lib\libc.a(lib_a-atexit.o)
 .bss           0x010102d4        0x0 c:/altera/13.0/nios2eds/bin/gnu/h-i686-mingw32/bin/../lib/gcc/nios2-elf/4.1.2/../../../../nios2-elf/lib\libc.a(lib_a-exit.o)
 .bss           0x010102d4        0x0 c:/altera/13.0/nios2eds/bin/gnu/h-i686-mingw32/bin/../lib/gcc/nios2-elf/4.1.2/../../../../nios2-elf/lib\libc.a(lib_a-memcmp.o)
 .bss           0x010102d4        0x0 c:/altera/13.0/nios2eds/bin/gnu/h-i686-mingw32/bin/../lib/gcc/nios2-elf/4.1.2/../../../../nios2-elf/lib\libc.a(lib_a-__atexit.o)
 .bss           0x010102d4        0x0 c:/altera/13.0/nios2eds/bin/gnu/h-i686-mingw32/bin/../lib/gcc/nios2-elf/4.1.2/../../../../nios2-elf/lib\libc.a(lib_a-__call_atexit.o)
 .bss           0x010102d4        0x0 ../SBQ_1_bsp/\libhal_bsp.a(alt_exit.o)
 *(COMMON)
 COMMON         0x010102d4      0x100 ../SBQ_1_bsp/\libhal_bsp.a(alt_irq_handler.o)
                0x010102d4                alt_irq
 COMMON         0x010103d4      0x190 c:/altera/13.0/nios2eds/bin/gnu/h-i686-mingw32/bin/../lib/gcc/nios2-elf/4.1.2/../../../../nios2-elf/lib\libc.a(lib_a-atexit.o)
                0x010103d4                _atexit0
                0x01010564                . = ALIGN (0x4)
                0x01010564                __bss_end = ABSOLUTE (.)

.EPCS           0x00000020        0x0
                0x00000020                PROVIDE (_alt_partition_EPCS_start, ABSOLUTE (.))
 *(.EPCS. EPCS.*)
                0x00000020                . = ALIGN (0x4)
                0x00000020                PROVIDE (_alt_partition_EPCS_end, ABSOLUTE (.))
                0x00000020                PROVIDE (_alt_partition_EPCS_load_addr, LOADADDR (.EPCS))

.SDRAM          0x01010564        0x0
                0x01010564                PROVIDE (_alt_partition_SDRAM_start, ABSOLUTE (.))
 *(.SDRAM. SDRAM.*)
                0x01010564                . = ALIGN (0x4)
                0x01010564                PROVIDE (_alt_partition_SDRAM_end, ABSOLUTE (.))
                0x01010564                _end = ABSOLUTE (.)
                0x01010564                end = ABSOLUTE (.)
                0x01010564                __alt_stack_base = ABSOLUTE (.)
                0x01010564                PROVIDE (_alt_partition_SDRAM_load_addr, LOADADDR (.SDRAM))

.stab
 *(.stab)

.stabstr
 *(.stabstr)

.stab.excl
 *(.stab.excl)

.stab.exclstr
 *(.stab.exclstr)

.stab.index
 *(.stab.index)

.stab.indexstr
 *(.stab.indexstr)

.comment        0x00000000       0x23
 *(.comment)
 .comment       0x00000000       0x23 obj/default/hello_world.o
                                 0x24 (size before relaxing)
 .comment       0x00000000       0x24 c:/altera/13.0/nios2eds/bin/gnu/h-i686-mingw32/bin/../lib/gcc/nios2-elf/4.1.2/../../../../nios2-elf/lib\libc.a(lib_a-printf.o)
 .comment       0x00000000       0x24 c:/altera/13.0/nios2eds/bin/gnu/h-i686-mingw32/bin/../lib/gcc/nios2-elf/4.1.2/../../../../nios2-elf/lib\libc.a(lib_a-puts.o)
 .comment       0x00000000       0x24 c:/altera/13.0/nios2eds/bin/gnu/h-i686-mingw32/bin/../lib/gcc/nios2-elf/4.1.2/../../../../nios2-elf/lib\libc.a(lib_a-strlen.o)
 .comment       0x00000000       0x24 c:/altera/13.0/nios2eds/bin/gnu/h-i686-mingw32/bin/../lib/gcc/nios2-elf/4.1.2/../../../../nios2-elf/lib\libc.a(lib_a-vfprintf.o)
 .comment       0x00000000       0x24 c:/altera/13.0/nios2eds/bin/gnu/h-i686-mingw32/bin/../lib/gcc/nios2-elf/4.1.2/../../../../nios2-elf/lib\libc.a(lib_a-wsetup.o)
 .comment       0x00000000       0x24 c:/altera/13.0/nios2eds/bin/gnu/h-i686-mingw32/bin/../lib/gcc/nios2-elf/4.1.2/../../../../nios2-elf/lib\libc.a(lib_a-dtoa.o)
 .comment       0x00000000       0x24 c:/altera/13.0/nios2eds/bin/gnu/h-i686-mingw32/bin/../lib/gcc/nios2-elf/4.1.2/../../../../nios2-elf/lib\libc.a(lib_a-fflush.o)
 .comment       0x00000000       0x24 c:/altera/13.0/nios2eds/bin/gnu/h-i686-mingw32/bin/../lib/gcc/nios2-elf/4.1.2/../../../../nios2-elf/lib\libc.a(lib_a-findfp.o)
 .comment       0x00000000       0x24 c:/altera/13.0/nios2eds/bin/gnu/h-i686-mingw32/bin/../lib/gcc/nios2-elf/4.1.2/../../../../nios2-elf/lib\libc.a(lib_a-freer.o)
 .comment       0x00000000       0x24 c:/altera/13.0/nios2eds/bin/gnu/h-i686-mingw32/bin/../lib/gcc/nios2-elf/4.1.2/../../../../nios2-elf/lib\libc.a(lib_a-fvwrite.o)
 .comment       0x00000000       0x24 c:/altera/13.0/nios2eds/bin/gnu/h-i686-mingw32/bin/../lib/gcc/nios2-elf/4.1.2/../../../../nios2-elf/lib\libc.a(lib_a-fwalk.o)
 .comment       0x00000000       0x24 c:/altera/13.0/nios2eds/bin/gnu/h-i686-mingw32/bin/../lib/gcc/nios2-elf/4.1.2/../../../../nios2-elf/lib\libc.a(lib_a-impure.o)
 .comment       0x00000000       0x24 c:/altera/13.0/nios2eds/bin/gnu/h-i686-mingw32/bin/../lib/gcc/nios2-elf/4.1.2/../../../../nios2-elf/lib\libc.a(lib_a-locale.o)
 .comment       0x00000000       0x24 c:/altera/13.0/nios2eds/bin/gnu/h-i686-mingw32/bin/../lib/gcc/nios2-elf/4.1.2/../../../../nios2-elf/lib\libc.a(lib_a-makebuf.o)
 .comment       0x00000000       0x24 c:/altera/13.0/nios2eds/bin/gnu/h-i686-mingw32/bin/../lib/gcc/nios2-elf/4.1.2/../../../../nios2-elf/lib\libc.a(lib_a-mallocr.o)
 .comment       0x00000000       0x24 c:/altera/13.0/nios2eds/bin/gnu/h-i686-mingw32/bin/../lib/gcc/nios2-elf/4.1.2/../../../../nios2-elf/lib\libc.a(lib_a-memchr.o)
 .comment       0x00000000       0x24 c:/altera/13.0/nios2eds/bin/gnu/h-i686-mingw32/bin/../lib/gcc/nios2-elf/4.1.2/../../../../nios2-elf/lib\libc.a(lib_a-memcpy.o)
 .comment       0x00000000       0x24 c:/altera/13.0/nios2eds/bin/gnu/h-i686-mingw32/bin/../lib/gcc/nios2-elf/4.1.2/../../../../nios2-elf/lib\libc.a(lib_a-memmove.o)
 .comment       0x00000000       0x24 c:/altera/13.0/nios2eds/bin/gnu/h-i686-mingw32/bin/../lib/gcc/nios2-elf/4.1.2/../../../../nios2-elf/lib\libc.a(lib_a-memset.o)
 .comment       0x00000000       0x24 c:/altera/13.0/nios2eds/bin/gnu/h-i686-mingw32/bin/../lib/gcc/nios2-elf/4.1.2/../../../../nios2-elf/lib\libc.a(lib_a-mprec.o)
 .comment       0x00000000       0x24 c:/altera/13.0/nios2eds/bin/gnu/h-i686-mingw32/bin/../lib/gcc/nios2-elf/4.1.2/../../../../nios2-elf/lib\libc.a(lib_a-reallocr.o)
 .comment       0x00000000       0x24 c:/altera/13.0/nios2eds/bin/gnu/h-i686-mingw32/bin/../lib/gcc/nios2-elf/4.1.2/../../../../nios2-elf/lib\libc.a(lib_a-s_isinfd.o)
 .comment       0x00000000       0x24 c:/altera/13.0/nios2eds/bin/gnu/h-i686-mingw32/bin/../lib/gcc/nios2-elf/4.1.2/../../../../nios2-elf/lib\libc.a(lib_a-s_isnand.o)
 .comment       0x00000000       0x24 c:/altera/13.0/nios2eds/bin/gnu/h-i686-mingw32/bin/../lib/gcc/nios2-elf/4.1.2/../../../../nios2-elf/lib\libc.a(lib_a-sbrkr.o)
 .comment       0x00000000       0x24 c:/altera/13.0/nios2eds/bin/gnu/h-i686-mingw32/bin/../lib/gcc/nios2-elf/4.1.2/../../../../nios2-elf/lib\libc.a(lib_a-stdio.o)
 .comment       0x00000000       0x24 c:/altera/13.0/nios2eds/bin/gnu/h-i686-mingw32/bin/../lib/gcc/nios2-elf/4.1.2/../../../../nios2-elf/lib\libc.a(lib_a-strcmp.o)
 .comment       0x00000000       0x24 c:/altera/13.0/nios2eds/bin/gnu/h-i686-mingw32/bin/../lib/gcc/nios2-elf/4.1.2/../../../../nios2-elf/lib\libc.a(lib_a-writer.o)
 .comment       0x00000000       0x24 c:/altera/13.0/nios2eds/bin/gnu/h-i686-mingw32/bin/../lib/gcc/nios2-elf/4.1.2/../../../../nios2-elf/lib\libc.a(lib_a-callocr.o)
 .comment       0x00000000       0x24 c:/altera/13.0/nios2eds/bin/gnu/h-i686-mingw32/bin/../lib/gcc/nios2-elf/4.1.2/../../../../nios2-elf/lib\libc.a(lib_a-closer.o)
 .comment       0x00000000       0x24 c:/altera/13.0/nios2eds/bin/gnu/h-i686-mingw32/bin/../lib/gcc/nios2-elf/4.1.2/../../../../nios2-elf/lib\libc.a(lib_a-fclose.o)
 .comment       0x00000000       0x24 c:/altera/13.0/nios2eds/bin/gnu/h-i686-mingw32/bin/../lib/gcc/nios2-elf/4.1.2/../../../../nios2-elf/lib\libc.a(lib_a-fstatr.o)
 .comment       0x00000000       0x24 c:/altera/13.0/nios2eds/bin/gnu/h-i686-mingw32/bin/../lib/gcc/nios2-elf/4.1.2/../../../../nios2-elf/lib\libc.a(lib_a-int_errno.o)
 .comment       0x00000000       0x24 c:/altera/13.0/nios2eds/bin/gnu/h-i686-mingw32/bin/../lib/gcc/nios2-elf/4.1.2/../../../../nios2-elf/lib\libc.a(lib_a-isattyr.o)
 .comment       0x00000000       0x24 c:/altera/13.0/nios2eds/bin/gnu/h-i686-mingw32/bin/../lib/gcc/nios2-elf/4.1.2/../../../../nios2-elf/lib\libc.a(lib_a-lseekr.o)
 .comment       0x00000000       0x24 c:/altera/13.0/nios2eds/bin/gnu/h-i686-mingw32/bin/../lib/gcc/nios2-elf/4.1.2/../../../../nios2-elf/lib\libc.a(lib_a-readr.o)
 .comment       0x00000000       0x24 c:/altera/13.0/nios2eds/bin/gnu/h-i686-mingw32/bin/../lib/gcc/nios2-elf/4.1.2\libgcc.a(_udivdi3.o)
 .comment       0x00000000       0x24 c:/altera/13.0/nios2eds/bin/gnu/h-i686-mingw32/bin/../lib/gcc/nios2-elf/4.1.2\libgcc.a(_umoddi3.o)
 .comment       0x00000000       0x24 c:/altera/13.0/nios2eds/bin/gnu/h-i686-mingw32/bin/../lib/gcc/nios2-elf/4.1.2\libgcc.a(_addsub_df.o)
 .comment       0x00000000       0x24 c:/altera/13.0/nios2eds/bin/gnu/h-i686-mingw32/bin/../lib/gcc/nios2-elf/4.1.2\libgcc.a(_mul_df.o)
 .comment       0x00000000       0x24 c:/altera/13.0/nios2eds/bin/gnu/h-i686-mingw32/bin/../lib/gcc/nios2-elf/4.1.2\libgcc.a(_div_df.o)
 .comment       0x00000000       0x24 c:/altera/13.0/nios2eds/bin/gnu/h-i686-mingw32/bin/../lib/gcc/nios2-elf/4.1.2\libgcc.a(_eq_df.o)
 .comment       0x00000000       0x24 c:/altera/13.0/nios2eds/bin/gnu/h-i686-mingw32/bin/../lib/gcc/nios2-elf/4.1.2\libgcc.a(_ne_df.o)
 .comment       0x00000000       0x24 c:/altera/13.0/nios2eds/bin/gnu/h-i686-mingw32/bin/../lib/gcc/nios2-elf/4.1.2\libgcc.a(_gt_df.o)
 .comment       0x00000000       0x24 c:/altera/13.0/nios2eds/bin/gnu/h-i686-mingw32/bin/../lib/gcc/nios2-elf/4.1.2\libgcc.a(_ge_df.o)
 .comment       0x00000000       0x24 c:/altera/13.0/nios2eds/bin/gnu/h-i686-mingw32/bin/../lib/gcc/nios2-elf/4.1.2\libgcc.a(_lt_df.o)
 .comment       0x00000000       0x24 c:/altera/13.0/nios2eds/bin/gnu/h-i686-mingw32/bin/../lib/gcc/nios2-elf/4.1.2\libgcc.a(_si_to_df.o)
 .comment       0x00000000       0x24 c:/altera/13.0/nios2eds/bin/gnu/h-i686-mingw32/bin/../lib/gcc/nios2-elf/4.1.2\libgcc.a(_df_to_si.o)
 .comment       0x00000000       0x24 c:/altera/13.0/nios2eds/bin/gnu/h-i686-mingw32/bin/../lib/gcc/nios2-elf/4.1.2\libgcc.a(_thenan_df.o)
 .comment       0x00000000       0x24 c:/altera/13.0/nios2eds/bin/gnu/h-i686-mingw32/bin/../lib/gcc/nios2-elf/4.1.2\libgcc.a(_usi_to_df.o)
 .comment       0x00000000       0x24 c:/altera/13.0/nios2eds/bin/gnu/h-i686-mingw32/bin/../lib/gcc/nios2-elf/4.1.2\libgcc.a(lib2-divmod.o)
 .comment       0x00000000       0x24 c:/altera/13.0/nios2eds/bin/gnu/h-i686-mingw32/bin/../lib/gcc/nios2-elf/4.1.2\libgcc.a(_muldi3.o)
 .comment       0x00000000       0x24 c:/altera/13.0/nios2eds/bin/gnu/h-i686-mingw32/bin/../lib/gcc/nios2-elf/4.1.2\libgcc.a(_clz.o)
 .comment       0x00000000       0x24 c:/altera/13.0/nios2eds/bin/gnu/h-i686-mingw32/bin/../lib/gcc/nios2-elf/4.1.2\libgcc.a(_clzsi2.o)
 .comment       0x00000000       0x24 c:/altera/13.0/nios2eds/bin/gnu/h-i686-mingw32/bin/../lib/gcc/nios2-elf/4.1.2\libgcc.a(_pack_df.o)
 .comment       0x00000000       0x24 c:/altera/13.0/nios2eds/bin/gnu/h-i686-mingw32/bin/../lib/gcc/nios2-elf/4.1.2\libgcc.a(_unpack_df.o)
 .comment       0x00000000       0x24 c:/altera/13.0/nios2eds/bin/gnu/h-i686-mingw32/bin/../lib/gcc/nios2-elf/4.1.2\libgcc.a(_fpcmp_parts_df.o)
 .comment       0x00000000       0x24 ../SBQ_1_bsp/\libhal_bsp.a(alt_close.o)
 .comment       0x00000000       0x24 ../SBQ_1_bsp/\libhal_bsp.a(alt_dev.o)
 .comment       0x00000000       0x24 ../SBQ_1_bsp/\libhal_bsp.a(alt_errno.o)
 .comment       0x00000000       0x24 ../SBQ_1_bsp/\libhal_bsp.a(alt_fstat.o)
 .comment       0x00000000       0x24 ../SBQ_1_bsp/\libhal_bsp.a(alt_isatty.o)
 .comment       0x00000000       0x24 ../SBQ_1_bsp/\libhal_bsp.a(alt_lseek.o)
 .comment       0x00000000       0x24 ../SBQ_1_bsp/\libhal_bsp.a(alt_main.o)
 .comment       0x00000000       0x24 ../SBQ_1_bsp/\libhal_bsp.a(alt_malloc_lock.o)
 .comment       0x00000000       0x24 ../SBQ_1_bsp/\libhal_bsp.a(alt_read.o)
 .comment       0x00000000       0x24 ../SBQ_1_bsp/\libhal_bsp.a(alt_release_fd.o)
 .comment       0x00000000       0x24 ../SBQ_1_bsp/\libhal_bsp.a(alt_sbrk.o)
 .comment       0x00000000       0x24 ../SBQ_1_bsp/\libhal_bsp.a(alt_usleep.o)
 .comment       0x00000000       0x24 ../SBQ_1_bsp/\libhal_bsp.a(alt_write.o)
 .comment       0x00000000       0x24 ../SBQ_1_bsp/\libhal_bsp.a(alt_sys_init.o)
 .comment       0x00000000       0x24 ../SBQ_1_bsp/\libhal_bsp.a(altera_avalon_epcs_flash_controller.o)
 .comment       0x00000000       0x24 ../SBQ_1_bsp/\libhal_bsp.a(altera_avalon_jtag_uart_fd.o)
 .comment       0x00000000       0x24 ../SBQ_1_bsp/\libhal_bsp.a(altera_avalon_jtag_uart_init.o)
 .comment       0x00000000       0x24 ../SBQ_1_bsp/\libhal_bsp.a(altera_avalon_jtag_uart_ioctl.o)
 .comment       0x00000000       0x24 ../SBQ_1_bsp/\libhal_bsp.a(altera_avalon_jtag_uart_read.o)
 .comment       0x00000000       0x24 ../SBQ_1_bsp/\libhal_bsp.a(altera_avalon_jtag_uart_write.o)
 .comment       0x00000000       0x24 ../SBQ_1_bsp/\libhal_bsp.a(altera_avalon_timer_sc.o)
 .comment       0x00000000       0x24 ../SBQ_1_bsp/\libhal_bsp.a(epcs_commands.o)
 .comment       0x00000000       0x24 ../SBQ_1_bsp/\libhal_bsp.a(alt_alarm_start.o)
 .comment       0x00000000       0x24 ../SBQ_1_bsp/\libhal_bsp.a(alt_busy_sleep.o)
 .comment       0x00000000       0x24 ../SBQ_1_bsp/\libhal_bsp.a(alt_dev_llist_insert.o)
 .comment       0x00000000       0x24 ../SBQ_1_bsp/\libhal_bsp.a(alt_do_ctors.o)
 .comment       0x00000000       0x24 ../SBQ_1_bsp/\libhal_bsp.a(alt_do_dtors.o)
 .comment       0x00000000       0x24 ../SBQ_1_bsp/\libhal_bsp.a(alt_flash_dev.o)
 .comment       0x00000000       0x24 ../SBQ_1_bsp/\libhal_bsp.a(alt_iic.o)
 .comment       0x00000000       0x24 ../SBQ_1_bsp/\libhal_bsp.a(alt_iic_isr_register.o)
 .comment       0x00000000       0x24 ../SBQ_1_bsp/\libhal_bsp.a(alt_io_redirect.o)
 .comment       0x00000000       0x24 ../SBQ_1_bsp/\libhal_bsp.a(alt_irq_handler.o)
 .comment       0x00000000       0x24 ../SBQ_1_bsp/\libhal_bsp.a(alt_irq_vars.o)
 .comment       0x00000000       0x24 ../SBQ_1_bsp/\libhal_bsp.a(alt_open.o)
 .comment       0x00000000       0x24 ../SBQ_1_bsp/\libhal_bsp.a(alt_tick.o)
 .comment       0x00000000       0x24 ../SBQ_1_bsp/\libhal_bsp.a(altera_nios2_qsys_irq.o)
 .comment       0x00000000       0x24 ../SBQ_1_bsp/\libhal_bsp.a(altera_avalon_spi.o)
 .comment       0x00000000       0x24 ../SBQ_1_bsp/\libhal_bsp.a(alt_find_dev.o)
 .comment       0x00000000       0x24 ../SBQ_1_bsp/\libhal_bsp.a(alt_find_file.o)
 .comment       0x00000000       0x24 ../SBQ_1_bsp/\libhal_bsp.a(alt_get_fd.o)
 .comment       0x00000000       0x24 c:/altera/13.0/nios2eds/bin/gnu/h-i686-mingw32/bin/../lib/gcc/nios2-elf/4.1.2/../../../../nios2-elf/lib\libc.a(lib_a-atexit.o)
 .comment       0x00000000       0x24 c:/altera/13.0/nios2eds/bin/gnu/h-i686-mingw32/bin/../lib/gcc/nios2-elf/4.1.2/../../../../nios2-elf/lib\libc.a(lib_a-exit.o)
 .comment       0x00000000       0x24 c:/altera/13.0/nios2eds/bin/gnu/h-i686-mingw32/bin/../lib/gcc/nios2-elf/4.1.2/../../../../nios2-elf/lib\libc.a(lib_a-memcmp.o)
 .comment       0x00000000       0x24 c:/altera/13.0/nios2eds/bin/gnu/h-i686-mingw32/bin/../lib/gcc/nios2-elf/4.1.2/../../../../nios2-elf/lib\libc.a(lib_a-__atexit.o)
 .comment       0x00000000       0x24 c:/altera/13.0/nios2eds/bin/gnu/h-i686-mingw32/bin/../lib/gcc/nios2-elf/4.1.2/../../../../nios2-elf/lib\libc.a(lib_a-__call_atexit.o)
 .comment       0x00000000       0x24 ../SBQ_1_bsp/\libhal_bsp.a(alt_exit.o)

.debug
 *(.debug)

.line
 *(.line)

.debug_srcinfo
 *(.debug_srcinfo)

.debug_sfnames
 *(.debug_sfnames)

.debug_aranges  0x00000000      0xcb0
 *(.debug_aranges)
 .debug_aranges
                0x00000000       0x20 ../SBQ_1_bsp//obj/HAL/src/crt0.o
 .debug_aranges
                0x00000020       0x20 obj/default/hello_world.o
 .debug_aranges
                0x00000040       0x20 c:/altera/13.0/nios2eds/bin/gnu/h-i686-mingw32/bin/../lib/gcc/nios2-elf/4.1.2/../../../../nios2-elf/lib\libc.a(lib_a-printf.o)
 .debug_aranges
                0x00000060       0x20 c:/altera/13.0/nios2eds/bin/gnu/h-i686-mingw32/bin/../lib/gcc/nios2-elf/4.1.2/../../../../nios2-elf/lib\libc.a(lib_a-puts.o)
 .debug_aranges
                0x00000080       0x20 c:/altera/13.0/nios2eds/bin/gnu/h-i686-mingw32/bin/../lib/gcc/nios2-elf/4.1.2/../../../../nios2-elf/lib\libc.a(lib_a-strlen.o)
 .debug_aranges
                0x000000a0       0x20 c:/altera/13.0/nios2eds/bin/gnu/h-i686-mingw32/bin/../lib/gcc/nios2-elf/4.1.2/../../../../nios2-elf/lib\libc.a(lib_a-vfprintf.o)
 .debug_aranges
                0x000000c0       0x20 c:/altera/13.0/nios2eds/bin/gnu/h-i686-mingw32/bin/../lib/gcc/nios2-elf/4.1.2/../../../../nios2-elf/lib\libc.a(lib_a-wsetup.o)
 .debug_aranges
                0x000000e0       0x20 c:/altera/13.0/nios2eds/bin/gnu/h-i686-mingw32/bin/../lib/gcc/nios2-elf/4.1.2/../../../../nios2-elf/lib\libc.a(lib_a-dtoa.o)
 .debug_aranges
                0x00000100       0x20 c:/altera/13.0/nios2eds/bin/gnu/h-i686-mingw32/bin/../lib/gcc/nios2-elf/4.1.2/../../../../nios2-elf/lib\libc.a(lib_a-fflush.o)
 .debug_aranges
                0x00000120       0x20 c:/altera/13.0/nios2eds/bin/gnu/h-i686-mingw32/bin/../lib/gcc/nios2-elf/4.1.2/../../../../nios2-elf/lib\libc.a(lib_a-findfp.o)
 .debug_aranges
                0x00000140       0x20 c:/altera/13.0/nios2eds/bin/gnu/h-i686-mingw32/bin/../lib/gcc/nios2-elf/4.1.2/../../../../nios2-elf/lib\libc.a(lib_a-freer.o)
 .debug_aranges
                0x00000160       0x20 c:/altera/13.0/nios2eds/bin/gnu/h-i686-mingw32/bin/../lib/gcc/nios2-elf/4.1.2/../../../../nios2-elf/lib\libc.a(lib_a-fvwrite.o)
 .debug_aranges
                0x00000180       0x20 c:/altera/13.0/nios2eds/bin/gnu/h-i686-mingw32/bin/../lib/gcc/nios2-elf/4.1.2/../../../../nios2-elf/lib\libc.a(lib_a-fwalk.o)
 .debug_aranges
                0x000001a0       0x20 c:/altera/13.0/nios2eds/bin/gnu/h-i686-mingw32/bin/../lib/gcc/nios2-elf/4.1.2/../../../../nios2-elf/lib\libc.a(lib_a-locale.o)
 .debug_aranges
                0x000001c0       0x20 c:/altera/13.0/nios2eds/bin/gnu/h-i686-mingw32/bin/../lib/gcc/nios2-elf/4.1.2/../../../../nios2-elf/lib\libc.a(lib_a-makebuf.o)
 .debug_aranges
                0x000001e0       0x20 c:/altera/13.0/nios2eds/bin/gnu/h-i686-mingw32/bin/../lib/gcc/nios2-elf/4.1.2/../../../../nios2-elf/lib\libc.a(lib_a-mallocr.o)
 .debug_aranges
                0x00000200       0x20 c:/altera/13.0/nios2eds/bin/gnu/h-i686-mingw32/bin/../lib/gcc/nios2-elf/4.1.2/../../../../nios2-elf/lib\libc.a(lib_a-memchr.o)
 .debug_aranges
                0x00000220       0x20 c:/altera/13.0/nios2eds/bin/gnu/h-i686-mingw32/bin/../lib/gcc/nios2-elf/4.1.2/../../../../nios2-elf/lib\libc.a(lib_a-memcpy.o)
 .debug_aranges
                0x00000240       0x20 c:/altera/13.0/nios2eds/bin/gnu/h-i686-mingw32/bin/../lib/gcc/nios2-elf/4.1.2/../../../../nios2-elf/lib\libc.a(lib_a-memmove.o)
 .debug_aranges
                0x00000260       0x20 c:/altera/13.0/nios2eds/bin/gnu/h-i686-mingw32/bin/../lib/gcc/nios2-elf/4.1.2/../../../../nios2-elf/lib\libc.a(lib_a-memset.o)
 .debug_aranges
                0x00000280       0x20 c:/altera/13.0/nios2eds/bin/gnu/h-i686-mingw32/bin/../lib/gcc/nios2-elf/4.1.2/../../../../nios2-elf/lib\libc.a(lib_a-mprec.o)
 .debug_aranges
                0x000002a0       0x20 c:/altera/13.0/nios2eds/bin/gnu/h-i686-mingw32/bin/../lib/gcc/nios2-elf/4.1.2/../../../../nios2-elf/lib\libc.a(lib_a-reallocr.o)
 .debug_aranges
                0x000002c0       0x20 c:/altera/13.0/nios2eds/bin/gnu/h-i686-mingw32/bin/../lib/gcc/nios2-elf/4.1.2/../../../../nios2-elf/lib\libc.a(lib_a-s_isinfd.o)
 .debug_aranges
                0x000002e0       0x20 c:/altera/13.0/nios2eds/bin/gnu/h-i686-mingw32/bin/../lib/gcc/nios2-elf/4.1.2/../../../../nios2-elf/lib\libc.a(lib_a-s_isnand.o)
 .debug_aranges
                0x00000300       0x20 c:/altera/13.0/nios2eds/bin/gnu/h-i686-mingw32/bin/../lib/gcc/nios2-elf/4.1.2/../../../../nios2-elf/lib\libc.a(lib_a-sbrkr.o)
 .debug_aranges
                0x00000320       0x20 c:/altera/13.0/nios2eds/bin/gnu/h-i686-mingw32/bin/../lib/gcc/nios2-elf/4.1.2/../../../../nios2-elf/lib\libc.a(lib_a-stdio.o)
 .debug_aranges
                0x00000340       0x20 c:/altera/13.0/nios2eds/bin/gnu/h-i686-mingw32/bin/../lib/gcc/nios2-elf/4.1.2/../../../../nios2-elf/lib\libc.a(lib_a-strcmp.o)
 .debug_aranges
                0x00000360       0x20 c:/altera/13.0/nios2eds/bin/gnu/h-i686-mingw32/bin/../lib/gcc/nios2-elf/4.1.2/../../../../nios2-elf/lib\libc.a(lib_a-writer.o)
 .debug_aranges
                0x00000380       0x20 c:/altera/13.0/nios2eds/bin/gnu/h-i686-mingw32/bin/../lib/gcc/nios2-elf/4.1.2/../../../../nios2-elf/lib\libc.a(lib_a-callocr.o)
 .debug_aranges
                0x000003a0       0x20 c:/altera/13.0/nios2eds/bin/gnu/h-i686-mingw32/bin/../lib/gcc/nios2-elf/4.1.2/../../../../nios2-elf/lib\libc.a(lib_a-closer.o)
 .debug_aranges
                0x000003c0       0x20 c:/altera/13.0/nios2eds/bin/gnu/h-i686-mingw32/bin/../lib/gcc/nios2-elf/4.1.2/../../../../nios2-elf/lib\libc.a(lib_a-fclose.o)
 .debug_aranges
                0x000003e0       0x20 c:/altera/13.0/nios2eds/bin/gnu/h-i686-mingw32/bin/../lib/gcc/nios2-elf/4.1.2/../../../../nios2-elf/lib\libc.a(lib_a-fstatr.o)
 .debug_aranges
                0x00000400       0x20 c:/altera/13.0/nios2eds/bin/gnu/h-i686-mingw32/bin/../lib/gcc/nios2-elf/4.1.2/../../../../nios2-elf/lib\libc.a(lib_a-isattyr.o)
 .debug_aranges
                0x00000420       0x20 c:/altera/13.0/nios2eds/bin/gnu/h-i686-mingw32/bin/../lib/gcc/nios2-elf/4.1.2/../../../../nios2-elf/lib\libc.a(lib_a-lseekr.o)
 .debug_aranges
                0x00000440       0x20 c:/altera/13.0/nios2eds/bin/gnu/h-i686-mingw32/bin/../lib/gcc/nios2-elf/4.1.2/../../../../nios2-elf/lib\libc.a(lib_a-readr.o)
 .debug_aranges
                0x00000460       0x20 c:/altera/13.0/nios2eds/bin/gnu/h-i686-mingw32/bin/../lib/gcc/nios2-elf/4.1.2\libgcc.a(_udivdi3.o)
 .debug_aranges
                0x00000480       0x20 c:/altera/13.0/nios2eds/bin/gnu/h-i686-mingw32/bin/../lib/gcc/nios2-elf/4.1.2\libgcc.a(_umoddi3.o)
 .debug_aranges
                0x000004a0       0x20 c:/altera/13.0/nios2eds/bin/gnu/h-i686-mingw32/bin/../lib/gcc/nios2-elf/4.1.2\libgcc.a(_addsub_df.o)
 .debug_aranges
                0x000004c0       0x20 c:/altera/13.0/nios2eds/bin/gnu/h-i686-mingw32/bin/../lib/gcc/nios2-elf/4.1.2\libgcc.a(_mul_df.o)
 .debug_aranges
                0x000004e0       0x20 c:/altera/13.0/nios2eds/bin/gnu/h-i686-mingw32/bin/../lib/gcc/nios2-elf/4.1.2\libgcc.a(_div_df.o)
 .debug_aranges
                0x00000500       0x20 c:/altera/13.0/nios2eds/bin/gnu/h-i686-mingw32/bin/../lib/gcc/nios2-elf/4.1.2\libgcc.a(_eq_df.o)
 .debug_aranges
                0x00000520       0x20 c:/altera/13.0/nios2eds/bin/gnu/h-i686-mingw32/bin/../lib/gcc/nios2-elf/4.1.2\libgcc.a(_ne_df.o)
 .debug_aranges
                0x00000540       0x20 c:/altera/13.0/nios2eds/bin/gnu/h-i686-mingw32/bin/../lib/gcc/nios2-elf/4.1.2\libgcc.a(_gt_df.o)
 .debug_aranges
                0x00000560       0x20 c:/altera/13.0/nios2eds/bin/gnu/h-i686-mingw32/bin/../lib/gcc/nios2-elf/4.1.2\libgcc.a(_ge_df.o)
 .debug_aranges
                0x00000580       0x20 c:/altera/13.0/nios2eds/bin/gnu/h-i686-mingw32/bin/../lib/gcc/nios2-elf/4.1.2\libgcc.a(_lt_df.o)
 .debug_aranges
                0x000005a0       0x20 c:/altera/13.0/nios2eds/bin/gnu/h-i686-mingw32/bin/../lib/gcc/nios2-elf/4.1.2\libgcc.a(_si_to_df.o)
 .debug_aranges
                0x000005c0       0x20 c:/altera/13.0/nios2eds/bin/gnu/h-i686-mingw32/bin/../lib/gcc/nios2-elf/4.1.2\libgcc.a(_df_to_si.o)
 .debug_aranges
                0x000005e0       0x20 c:/altera/13.0/nios2eds/bin/gnu/h-i686-mingw32/bin/../lib/gcc/nios2-elf/4.1.2\libgcc.a(_usi_to_df.o)
 .debug_aranges
                0x00000600       0x20 c:/altera/13.0/nios2eds/bin/gnu/h-i686-mingw32/bin/../lib/gcc/nios2-elf/4.1.2\libgcc.a(lib2-divmod.o)
 .debug_aranges
                0x00000620       0x20 c:/altera/13.0/nios2eds/bin/gnu/h-i686-mingw32/bin/../lib/gcc/nios2-elf/4.1.2\libgcc.a(_muldi3.o)
 .debug_aranges
                0x00000640       0x20 c:/altera/13.0/nios2eds/bin/gnu/h-i686-mingw32/bin/../lib/gcc/nios2-elf/4.1.2\libgcc.a(_clzsi2.o)
 .debug_aranges
                0x00000660       0x20 c:/altera/13.0/nios2eds/bin/gnu/h-i686-mingw32/bin/../lib/gcc/nios2-elf/4.1.2\libgcc.a(_pack_df.o)
 .debug_aranges
                0x00000680       0x20 c:/altera/13.0/nios2eds/bin/gnu/h-i686-mingw32/bin/../lib/gcc/nios2-elf/4.1.2\libgcc.a(_unpack_df.o)
 .debug_aranges
                0x000006a0       0x20 c:/altera/13.0/nios2eds/bin/gnu/h-i686-mingw32/bin/../lib/gcc/nios2-elf/4.1.2\libgcc.a(_fpcmp_parts_df.o)
 .debug_aranges
                0x000006c0       0x20 ../SBQ_1_bsp/\libhal_bsp.a(alt_close.o)
 .debug_aranges
                0x000006e0       0x20 ../SBQ_1_bsp/\libhal_bsp.a(alt_dev.o)
 .debug_aranges
                0x00000700       0x20 ../SBQ_1_bsp/\libhal_bsp.a(alt_fstat.o)
 .debug_aranges
                0x00000720       0x20 ../SBQ_1_bsp/\libhal_bsp.a(alt_isatty.o)
 .debug_aranges
                0x00000740       0x20 ../SBQ_1_bsp/\libhal_bsp.a(alt_lseek.o)
 .debug_aranges
                0x00000760       0x20 ../SBQ_1_bsp/\libhal_bsp.a(alt_main.o)
 .debug_aranges
                0x00000780       0x20 ../SBQ_1_bsp/\libhal_bsp.a(alt_malloc_lock.o)
 .debug_aranges
                0x000007a0       0x20 ../SBQ_1_bsp/\libhal_bsp.a(alt_read.o)
 .debug_aranges
                0x000007c0       0x20 ../SBQ_1_bsp/\libhal_bsp.a(alt_release_fd.o)
 .debug_aranges
                0x000007e0       0x20 ../SBQ_1_bsp/\libhal_bsp.a(alt_sbrk.o)
 .debug_aranges
                0x00000800       0x20 ../SBQ_1_bsp/\libhal_bsp.a(alt_usleep.o)
 .debug_aranges
                0x00000820       0x20 ../SBQ_1_bsp/\libhal_bsp.a(alt_write.o)
 .debug_aranges
                0x00000840       0x20 ../SBQ_1_bsp/\libhal_bsp.a(alt_sys_init.o)
 .debug_aranges
                0x00000860       0x20 ../SBQ_1_bsp/\libhal_bsp.a(altera_avalon_epcs_flash_controller.o)
 .debug_aranges
                0x00000880       0x20 ../SBQ_1_bsp/\libhal_bsp.a(altera_avalon_jtag_uart_fd.o)
 .debug_aranges
                0x000008a0       0x20 ../SBQ_1_bsp/\libhal_bsp.a(altera_avalon_jtag_uart_init.o)
 .debug_aranges
                0x000008c0       0x20 ../SBQ_1_bsp/\libhal_bsp.a(altera_avalon_jtag_uart_ioctl.o)
 .debug_aranges
                0x000008e0       0x20 ../SBQ_1_bsp/\libhal_bsp.a(altera_avalon_jtag_uart_read.o)
 .debug_aranges
                0x00000900       0x20 ../SBQ_1_bsp/\libhal_bsp.a(altera_avalon_jtag_uart_write.o)
 .debug_aranges
                0x00000920       0x20 ../SBQ_1_bsp/\libhal_bsp.a(altera_avalon_timer_sc.o)
 .debug_aranges
                0x00000940       0x20 ../SBQ_1_bsp/\libhal_bsp.a(epcs_commands.o)
 .debug_aranges
                0x00000960       0x20 ../SBQ_1_bsp/\libhal_bsp.a(alt_alarm_start.o)
 .debug_aranges
                0x00000980       0x20 ../SBQ_1_bsp/\libhal_bsp.a(alt_busy_sleep.o)
 .debug_aranges
                0x000009a0       0x20 ../SBQ_1_bsp/\libhal_bsp.a(alt_dev_llist_insert.o)
 .debug_aranges
                0x000009c0       0x20 ../SBQ_1_bsp/\libhal_bsp.a(alt_do_ctors.o)
 .debug_aranges
                0x000009e0       0x20 ../SBQ_1_bsp/\libhal_bsp.a(alt_do_dtors.o)
 .debug_aranges
                0x00000a00       0x20 ../SBQ_1_bsp/\libhal_bsp.a(alt_flash_dev.o)
 .debug_aranges
                0x00000a20       0x20 ../SBQ_1_bsp/\libhal_bsp.a(alt_iic.o)
 .debug_aranges
                0x00000a40       0x20 ../SBQ_1_bsp/\libhal_bsp.a(alt_iic_isr_register.o)
 .debug_aranges
                0x00000a60       0x20 ../SBQ_1_bsp/\libhal_bsp.a(alt_io_redirect.o)
 .debug_aranges
                0x00000a80       0x30 ../SBQ_1_bsp/\libhal_bsp.a(alt_irq_entry.o)
 .debug_aranges
                0x00000ab0       0x28 ../SBQ_1_bsp/\libhal_bsp.a(alt_irq_handler.o)
 .debug_aranges
                0x00000ad8       0x20 ../SBQ_1_bsp/\libhal_bsp.a(alt_open.o)
 .debug_aranges
                0x00000af8       0x20 ../SBQ_1_bsp/\libhal_bsp.a(alt_tick.o)
 .debug_aranges
                0x00000b18       0x20 ../SBQ_1_bsp/\libhal_bsp.a(altera_nios2_qsys_irq.o)
 .debug_aranges
                0x00000b38       0x20 ../SBQ_1_bsp/\libhal_bsp.a(altera_avalon_spi.o)
 .debug_aranges
                0x00000b58       0x38 ../SBQ_1_bsp/\libhal_bsp.a(alt_exception_entry.o)
 .debug_aranges
                0x00000b90       0x20 ../SBQ_1_bsp/\libhal_bsp.a(alt_find_dev.o)
 .debug_aranges
                0x00000bb0       0x20 ../SBQ_1_bsp/\libhal_bsp.a(alt_find_file.o)
 .debug_aranges
                0x00000bd0       0x20 ../SBQ_1_bsp/\libhal_bsp.a(alt_get_fd.o)
 .debug_aranges
                0x00000bf0       0x20 c:/altera/13.0/nios2eds/bin/gnu/h-i686-mingw32/bin/../lib/gcc/nios2-elf/4.1.2/../../../../nios2-elf/lib\libc.a(lib_a-atexit.o)
 .debug_aranges
                0x00000c10       0x20 c:/altera/13.0/nios2eds/bin/gnu/h-i686-mingw32/bin/../lib/gcc/nios2-elf/4.1.2/../../../../nios2-elf/lib\libc.a(lib_a-exit.o)
 .debug_aranges
                0x00000c30       0x20 c:/altera/13.0/nios2eds/bin/gnu/h-i686-mingw32/bin/../lib/gcc/nios2-elf/4.1.2/../../../../nios2-elf/lib\libc.a(lib_a-memcmp.o)
 .debug_aranges
                0x00000c50       0x20 c:/altera/13.0/nios2eds/bin/gnu/h-i686-mingw32/bin/../lib/gcc/nios2-elf/4.1.2/../../../../nios2-elf/lib\libc.a(lib_a-__atexit.o)
 .debug_aranges
                0x00000c70       0x20 c:/altera/13.0/nios2eds/bin/gnu/h-i686-mingw32/bin/../lib/gcc/nios2-elf/4.1.2/../../../../nios2-elf/lib\libc.a(lib_a-__call_atexit.o)
 .debug_aranges
                0x00000c90       0x20 ../SBQ_1_bsp/\libhal_bsp.a(alt_exit.o)

.debug_pubnames
                0x00000000     0x161b
 *(.debug_pubnames)
 .debug_pubnames
                0x00000000      0x113 obj/default/hello_world.o
 .debug_pubnames